Archive member included to satisfy reference by file (symbol)

/usr/local/share/arm-gnu-toolchain-13.3.rel1-x86_64-arm-none-eabi/bin/../lib/gcc/arm-none-eabi/13.3.1/../../../../arm-none-eabi/lib/thumb/v8-m.main+fp/softfp/libm.a(libm_a-wf_sqrt.o)
                              CMakeFiles/m4.dir/home/totz45/repos/pico-sdk/src/rp2_common/pico_float/float_math.c.obj (sqrtf)
/usr/local/share/arm-gnu-toolchain-13.3.rel1-x86_64-arm-none-eabi/bin/../lib/gcc/arm-none-eabi/13.3.1/../../../../arm-none-eabi/lib/thumb/v8-m.main+fp/softfp/libm.a(libm_a-ef_sqrt.o)
                              /usr/local/share/arm-gnu-toolchain-13.3.rel1-x86_64-arm-none-eabi/bin/../lib/gcc/arm-none-eabi/13.3.1/../../../../arm-none-eabi/lib/thumb/v8-m.main+fp/softfp/libm.a(libm_a-wf_sqrt.o) (__ieee754_sqrtf)
/usr/local/share/arm-gnu-toolchain-13.3.rel1-x86_64-arm-none-eabi/bin/../lib/gcc/arm-none-eabi/13.3.1/thumb/v8-m.main+fp/softfp/libgcc.a(_arm_addsubdf3.o)
                              CMakeFiles/m4.dir/home/totz45/repos/pico-sdk/src/rp2_common/pico_float/float_math.c.obj (__aeabi_f2d)
/usr/local/share/arm-gnu-toolchain-13.3.rel1-x86_64-arm-none-eabi/bin/../lib/gcc/arm-none-eabi/13.3.1/thumb/v8-m.main+fp/softfp/libgcc.a(_aeabi_ldivmod.o)
                              CMakeFiles/m4.dir/home/totz45/repos/pico-sdk/src/common/pico_time/time.c.obj (__aeabi_ldivmod)
/usr/local/share/arm-gnu-toolchain-13.3.rel1-x86_64-arm-none-eabi/bin/../lib/gcc/arm-none-eabi/13.3.1/thumb/v8-m.main+fp/softfp/libgcc.a(_aeabi_uldivmod.o)
                              CMakeFiles/m4.dir/home/totz45/repos/pico-sdk/src/rp2_common/hardware_clocks/clocks.c.obj (__aeabi_uldivmod)
/usr/local/share/arm-gnu-toolchain-13.3.rel1-x86_64-arm-none-eabi/bin/../lib/gcc/arm-none-eabi/13.3.1/thumb/v8-m.main+fp/softfp/libgcc.a(_udivmoddi4.o)
                              /usr/local/share/arm-gnu-toolchain-13.3.rel1-x86_64-arm-none-eabi/bin/../lib/gcc/arm-none-eabi/13.3.1/thumb/v8-m.main+fp/softfp/libgcc.a(_aeabi_ldivmod.o) (__udivmoddi4)
/usr/local/share/arm-gnu-toolchain-13.3.rel1-x86_64-arm-none-eabi/bin/../lib/gcc/arm-none-eabi/13.3.1/thumb/v8-m.main+fp/softfp/libgcc.a(_dvmd_tls.o)
                              /usr/local/share/arm-gnu-toolchain-13.3.rel1-x86_64-arm-none-eabi/bin/../lib/gcc/arm-none-eabi/13.3.1/thumb/v8-m.main+fp/softfp/libgcc.a(_aeabi_ldivmod.o) (__aeabi_ldiv0)
/usr/local/share/arm-gnu-toolchain-13.3.rel1-x86_64-arm-none-eabi/bin/../lib/gcc/arm-none-eabi/13.3.1/../../../../arm-none-eabi/lib/thumb/v8-m.main+fp/softfp/libg.a(libc_a-memcpy.o)
                              CMakeFiles/m4.dir/home/totz45/repos/pico-sdk/src/common/pico_util/queue.c.obj (memcpy)
/usr/local/share/arm-gnu-toolchain-13.3.rel1-x86_64-arm-none-eabi/bin/../lib/gcc/arm-none-eabi/13.3.1/../../../../arm-none-eabi/lib/thumb/v8-m.main+fp/softfp/libg.a(libc_a-strlen-stub.o)
                              CMakeFiles/m4.dir/home/totz45/repos/pico-sdk/src/rp2_common/pico_stdio/stdio.c.obj (strlen)
/usr/local/share/arm-gnu-toolchain-13.3.rel1-x86_64-arm-none-eabi/bin/../lib/gcc/arm-none-eabi/13.3.1/../../../../arm-none-eabi/lib/thumb/v8-m.main+fp/softfp/libg.a(libc_a-malloc.o)
                              CMakeFiles/m4.dir/home/totz45/repos/pico-sdk/src/rp2_common/pico_malloc/malloc.c.obj (malloc)
/usr/local/share/arm-gnu-toolchain-13.3.rel1-x86_64-arm-none-eabi/bin/../lib/gcc/arm-none-eabi/13.3.1/../../../../arm-none-eabi/lib/thumb/v8-m.main+fp/softfp/libg.a(libc_a-mallocr.o)
                              /usr/local/share/arm-gnu-toolchain-13.3.rel1-x86_64-arm-none-eabi/bin/../lib/gcc/arm-none-eabi/13.3.1/../../../../arm-none-eabi/lib/thumb/v8-m.main+fp/softfp/libg.a(libc_a-malloc.o) (_malloc_r)
/usr/local/share/arm-gnu-toolchain-13.3.rel1-x86_64-arm-none-eabi/bin/../lib/gcc/arm-none-eabi/13.3.1/../../../../arm-none-eabi/lib/thumb/v8-m.main+fp/softfp/libg.a(libc_a-sbrkr.o)
                              /usr/local/share/arm-gnu-toolchain-13.3.rel1-x86_64-arm-none-eabi/bin/../lib/gcc/arm-none-eabi/13.3.1/../../../../arm-none-eabi/lib/thumb/v8-m.main+fp/softfp/libg.a(libc_a-mallocr.o) (_sbrk_r)
/usr/local/share/arm-gnu-toolchain-13.3.rel1-x86_64-arm-none-eabi/bin/../lib/gcc/arm-none-eabi/13.3.1/../../../../arm-none-eabi/lib/thumb/v8-m.main+fp/softfp/libg.a(libc_a-errno.o)
                              /usr/local/share/arm-gnu-toolchain-13.3.rel1-x86_64-arm-none-eabi/bin/../lib/gcc/arm-none-eabi/13.3.1/../../../../arm-none-eabi/lib/thumb/v8-m.main+fp/softfp/libm.a(libm_a-wf_sqrt.o) (__errno)
/usr/local/share/arm-gnu-toolchain-13.3.rel1-x86_64-arm-none-eabi/bin/../lib/gcc/arm-none-eabi/13.3.1/../../../../arm-none-eabi/lib/thumb/v8-m.main+fp/softfp/libg.a(libc_a-mlock.o)
                              /usr/local/share/arm-gnu-toolchain-13.3.rel1-x86_64-arm-none-eabi/bin/../lib/gcc/arm-none-eabi/13.3.1/../../../../arm-none-eabi/lib/thumb/v8-m.main+fp/softfp/libg.a(libc_a-mallocr.o) (__malloc_lock)
[...]
Memory Configuration

Name             Origin             Length             Attributes
FLASH            0x10000000         0x00400000         xr
RAM              0x20000000         0x00080000         xrw
SCRATCH_X        0x20080000         0x00001000         xrw
SCRATCH_Y        0x20081000         0x00001000         xrw
*default*        0x00000000         0xffffffff

Linker script and memory map

LOAD /usr/local/share/arm-gnu-toolchain-13.3.rel1-x86_64-arm-none-eabi/bin/../lib/gcc/arm-none-eabi/13.3.1/thumb/v8-m.main+fp/softfp/crti.o
LOAD /usr/local/share/arm-gnu-toolchain-13.3.rel1-x86_64-arm-none-eabi/bin/../lib/gcc/arm-none-eabi/13.3.1/thumb/v8-m.main+fp/softfp/crtbegin.o
LOAD /usr/local/share/arm-gnu-toolchain-13.3.rel1-x86_64-arm-none-eabi/bin/../lib/gcc/arm-none-eabi/13.3.1/../../../../arm-none-eabi/lib/thumb/v8-m.main+fp/softfp/crt0.o

.flash_begin    0x10000000        0x0
                0x10000000                        __flash_binary_start = .

.text           0x10000000     0x64ec
                0x10000000                        __logical_binary_start = .
 *(.vectors)
 .vectors       0x10000000      0x124 CMakeFiles/m4.dir/home/totz45/repos/pico-sdk/src/rp2_common/pico_crt0/crt0.S.obj
                0x10000000                __vectors
                0x10000000                __VECTOR_TABLE
                0x10000110                isr_invalid
                0x10000110                __default_isrs_start
                0x10000112                isr_nmi
                0x10000114                isr_hardfault
                0x10000116                isr_svcall
                0x10000118                isr_pendsv
                0x1000011a                isr_systick
                0x1000011c                isr_irq30
                0x1000011c                __unhandled_user_irq
                0x1000011c                isr_irq49
                0x1000011c                isr_irq13
                0x1000011c                isr_irq43
                0x1000011c                isr_irq45
                0x1000011c                isr_irq27
                0x1000011c                isr_irq32
                0x1000011c                isr_irq31
                0x1000011c                isr_irq5
                0x1000011c                isr_irq11
                0x1000011c                isr_irq23
                0x1000011c                isr_irq48
                0x1000011c                isr_irq35
                0x1000011c                isr_irq18
                0x1000011c                isr_irq50
                0x1000011c                isr_irq40
                0x1000011c                isr_irq28
                0x1000011c                isr_irq19
                0x1000011c                isr_irq36
                0x1000011c                isr_irq41
                0x1000011c                isr_irq0
                0x1000011c                isr_irq6
                0x1000011c                isr_irq37
                0x1000011c                isr_irq42
                0x1000011c                isr_irq22
                0x1000011c                isr_irq17
                0x1000011c                isr_irq38
                0x1000011c                isr_irq14
                0x1000011c                isr_irq2
                0x1000011c                isr_irq10
                0x1000011c                isr_irq8
                0x1000011c                isr_irq24
                0x1000011c                isr_irq46
                0x1000011c                isr_irq1
                0x1000011c                isr_irq47
                0x1000011c                isr_irq51
                0x1000011c                isr_irq7
                0x1000011c                isr_irq21
                0x1000011c                isr_irq39
                0x1000011c                isr_irq20
                0x1000011c                isr_irq15
                0x1000011c                isr_irq25
                0x1000011c                isr_irq34
                0x1000011c                isr_irq4
                0x1000011c                isr_irq16
                0x1000011c                isr_irq44
                0x1000011c                isr_irq29
                0x1000011c                isr_irq26
                0x1000011c                __default_isrs_end
                0x1000011c                isr_irq33
                0x1000011c                isr_irq3
                0x1000011c                isr_irq12
                0x1000011c                isr_irq9
                0x10000122                unhandled_user_irq_num_in_r0
 *(.binary_info_header)
 .binary_info_header
                0x10000124       0x14 CMakeFiles/m4.dir/home/totz45/repos/pico-sdk/src/rp2_common/pico_crt0/crt0.S.obj
                0x10000138                        __binary_info_header_end = .
 *(.embedded_block)
 .embedded_block
                0x10000138       0x14 CMakeFiles/m4.dir/home/totz45/repos/pico-sdk/src/rp2_common/pico_crt0/crt0.S.obj
                0x1000014c                        __embedded_block_end = .
 *(.reset)
 .reset         0x1000014c       0xa0 CMakeFiles/m4.dir/home/totz45/repos/pico-sdk/src/rp2_common/pico_crt0/crt0.S.obj
                0x1000014c                _entry_point
 *(.init)
 .init          0x100001ec        0x4 /usr/local/share/arm-gnu-toolchain-13.3.rel1-x86_64-arm-none-eabi/bin/../lib/gcc/arm-none-eabi/13.3.1/thumb/v8-m.main+fp/softfp/crti.o
                0x100001ec                _init
 *libgcc.a:cmse_nonsecure_call.o()
 *(EXCLUDE_FILE(*libm.a: *libc.a:*lib_a-mem*.o *libgcc.a:) .text*)
 .text.register_tm_clones
                0x100001f0       0x28 /usr/local/share/arm-gnu-toolchain-13.3.rel1-x86_64-arm-none-eabi/bin/../lib/gcc/arm-none-eabi/13.3.1/thumb/v8-m.main+fp/softfp/crtbegin.o
 .text.frame_dummy
                0x10000218       0x24 /usr/local/share/arm-gnu-toolchain-13.3.rel1-x86_64-arm-none-eabi/bin/../lib/gcc/arm-none-eabi/13.3.1/thumb/v8-m.main+fp/softfp/crtbegin.o
 .text.check_hardware_alarm_num_param
                0x1000023c       0x14 CMakeFiles/m4.dir/I2C_application1.c.obj
 .text.timer_hardware_alarm_get_irq_num
                0x10000250       0x30 CMakeFiles/m4.dir/I2C_application1.c.obj
 .text.gpio_pull_up
                0x10000280       0x1a CMakeFiles/m4.dir/I2C_application1.c.obj
 .text.gpio_put
                0x1000029a       0x2a CMakeFiles/m4.dir/I2C_application1.c.obj
 .text.gpio_set_dir
                0x100002c4       0x2a CMakeFiles/m4.dir/I2C_application1.c.obj
 *fill*         0x100002ee        0x2 
 .text.ds3231_read_register
                0x100002f0       0x38 CMakeFiles/m4.dir/I2C_application1.c.obj
                0x100002f0                ds3231_read_register
 .text.read_time
                0x10000328       0x5c CMakeFiles/m4.dir/I2C_application1.c.obj
                0x10000328                read_time
 .text.ds3231_init
                0x10000384       0x4c CMakeFiles/m4.dir/I2C_application1.c.obj
                0x10000384                ds3231_init
 .text.alarm_irq
                0x100003d0       0x84 CMakeFiles/m4.dir/I2C_application1.c.obj
 .text.main     0x10000454      0x198 CMakeFiles/m4.dir/I2C_application1.c.obj
                0x10000454                main
 .text.check_gpio_param
                0x100005ec       0x14 CMakeFiles/m4.dir/home/totz45/repos/pico-sdk/src/rp2_common/hardware_gpio/gpio.c.obj
 .text.gpio_put
                0x10000600       0x2a CMakeFiles/m4.dir/home/totz45/repos/pico-sdk/src/rp2_common/hardware_gpio/gpio.c.obj
 .text.gpio_set_dir
                0x1000062a       0x2a CMakeFiles/m4.dir/home/totz45/repos/pico-sdk/src/rp2_common/hardware_gpio/gpio.c.obj
 .text.gpio_set_function
                0x10000654       0x80 CMakeFiles/m4.dir/home/totz45/repos/pico-sdk/src/rp2_common/hardware_gpio/gpio.c.obj
                0x10000654                gpio_set_function
 .text.gpio_set_pulls
                0x100006d4       0x70 CMakeFiles/m4.dir/home/totz45/repos/pico-sdk/src/rp2_common/hardware_gpio/gpio.c.obj
                0x100006d4                gpio_set_pulls
 .text.gpio_init
                0x10000744       0x28 CMakeFiles/m4.dir/home/totz45/repos/pico-sdk/src/rp2_common/hardware_gpio/gpio.c.obj
                0x10000744                gpio_init
 .text.panic    0x1000076c       0x38 CMakeFiles/m4.dir/home/totz45/repos/pico-sdk/src/rp2_common/pico_platform_panic/panic.c.obj
                0x1000076c                panic
 .text.hw_claim_lock
                0x100007a4       0x58 CMakeFiles/m4.dir/home/totz45/repos/pico-sdk/src/common/hardware_claim/claim.c.obj
                0x100007a4                hw_claim_lock
 .text.hw_claim_unlock
                0x100007fc       0x4c CMakeFiles/m4.dir/home/totz45/repos/pico-sdk/src/common/hardware_claim/claim.c.obj
                0x100007fc                hw_claim_unlock
 .text.hw_is_claimed
                0x10000848       0x3a CMakeFiles/m4.dir/home/totz45/repos/pico-sdk/src/common/hardware_claim/claim.c.obj
                0x10000848                hw_is_claimed
 .text.hw_claim_or_assert
                0x10000882       0x5c CMakeFiles/m4.dir/home/totz45/repos/pico-sdk/src/common/hardware_claim/claim.c.obj
                0x10000882                hw_claim_or_assert
 *fill*         0x100008de        0x2 
 .text.next_striped_spin_lock_num
                0x100008e0       0x34 CMakeFiles/m4.dir/home/totz45/repos/pico-sdk/src/rp2_common/hardware_sync/sync.c.obj
                0x100008e0                next_striped_spin_lock_num
 .text.spin_locks_reset
                0x10000914       0x48 CMakeFiles/m4.dir/home/totz45/repos/pico-sdk/src/rp2_common/hardware_sync_spin_lock/sync_spin_lock.c.obj
                0x10000914                spin_locks_reset
 .text.spinlock_set_extexclall
                0x1000095c       0x26 CMakeFiles/m4.dir/home/totz45/repos/pico-sdk/src/rp2_common/hardware_sync_spin_lock/sync_spin_lock.c.obj
 .text.check_irq_param
                0x10000982       0x14 CMakeFiles/m4.dir/home/totz45/repos/pico-sdk/src/rp2_common/hardware_irq/irq.c.obj
 *fill*         0x10000996        0x2 
 .text.get_vtable
                0x10000998       0x18 CMakeFiles/m4.dir/home/totz45/repos/pico-sdk/src/rp2_common/hardware_irq/irq.c.obj
 .text.add_thumb_bit
                0x100009b0       0x1a CMakeFiles/m4.dir/home/totz45/repos/pico-sdk/src/rp2_common/hardware_irq/irq.c.obj
 .text.remove_thumb_bit
                0x100009ca       0x1a CMakeFiles/m4.dir/home/totz45/repos/pico-sdk/src/rp2_common/hardware_irq/irq.c.obj
 .text.set_raw_irq_handler_and_unlock
                0x100009e4       0x64 CMakeFiles/m4.dir/home/totz45/repos/pico-sdk/src/rp2_common/hardware_irq/irq.c.obj
 .text.irq_set_enabled
                0x10000a48       0x32 CMakeFiles/m4.dir/home/totz45/repos/pico-sdk/src/rp2_common/hardware_irq/irq.c.obj
                0x10000a48                irq_set_enabled
 *fill*         0x10000a7a        0x2 
 .text.irq_is_enabled
                0x10000a7c       0x3c CMakeFiles/m4.dir/home/totz45/repos/pico-sdk/src/rp2_common/hardware_irq/irq.c.obj
                0x10000a7c                irq_is_enabled
 .text.irq_set_mask_n_enabled_internal
                0x10000ab8       0x48 CMakeFiles/m4.dir/home/totz45/repos/pico-sdk/src/rp2_common/hardware_irq/irq.c.obj
 .text.irq_set_mask_n_enabled
                0x10000b00       0x22 CMakeFiles/m4.dir/home/totz45/repos/pico-sdk/src/rp2_common/hardware_irq/irq.c.obj
                0x10000b00                irq_set_mask_n_enabled
 *fill*         0x10000b22        0x2 
 .text.is_shared_irq_raw_handler
                0x10000b24       0x28 CMakeFiles/m4.dir/home/totz45/repos/pico-sdk/src/rp2_common/hardware_irq/irq.c.obj
 .text.irq_get_vtable_handler
                0x10000b4c       0x26 CMakeFiles/m4.dir/home/totz45/repos/pico-sdk/src/rp2_common/hardware_irq/irq.c.obj
                0x10000b4c                irq_get_vtable_handler
 *fill*         0x10000b72        0x2 
 .text.irq_set_exclusive_handler
                0x10000b74       0xa4 CMakeFiles/m4.dir/home/totz45/repos/pico-sdk/src/rp2_common/hardware_irq/irq.c.obj
                0x10000b74                irq_set_exclusive_handler
 .text.make_j_16
                0x10000c18       0x74 CMakeFiles/m4.dir/home/totz45/repos/pico-sdk/src/rp2_common/hardware_irq/irq.c.obj
 .text.insert_bl_32
                0x10000c8c       0x78 CMakeFiles/m4.dir/home/totz45/repos/pico-sdk/src/rp2_common/hardware_irq/irq.c.obj
 .text.resolve_j_16
                0x10000d04       0x5c CMakeFiles/m4.dir/home/totz45/repos/pico-sdk/src/rp2_common/hardware_irq/irq.c.obj
 .text.slot_diff
                0x10000d60       0x32 CMakeFiles/m4.dir/home/totz45/repos/pico-sdk/src/rp2_common/hardware_irq/irq.c.obj
 *fill*         0x10000d92        0x2 
 .text.get_slot_index
                0x10000d94       0x20 CMakeFiles/m4.dir/home/totz45/repos/pico-sdk/src/rp2_common/hardware_irq/irq.c.obj
 .text.handler_from_slot
                0x10000db4       0x18 CMakeFiles/m4.dir/home/totz45/repos/pico-sdk/src/rp2_common/hardware_irq/irq.c.obj
 .text.irq_remove_handler
                0x10000dcc      0x240 CMakeFiles/m4.dir/home/totz45/repos/pico-sdk/src/rp2_common/hardware_irq/irq.c.obj
                0x10000dcc                irq_remove_handler
 .text.nvic_ipr0
                0x1000100c       0x14 CMakeFiles/m4.dir/home/totz45/repos/pico-sdk/src/rp2_common/hardware_irq/irq.c.obj
 .text.irq_add_tail_to_free_list
                0x10001020      0x1ac CMakeFiles/m4.dir/home/totz45/repos/pico-sdk/src/rp2_common/hardware_irq/irq.c.obj
                0x10001020                irq_add_tail_to_free_list
 .text.runtime_init_per_core_irq_priorities
                0x100011cc       0x38 CMakeFiles/m4.dir/home/totz45/repos/pico-sdk/src/rp2_common/hardware_irq/irq.c.obj
                0x100011cc                runtime_init_per_core_irq_priorities
 .text.lock_init
                0x10001204       0x2c CMakeFiles/m4.dir/home/totz45/repos/pico-sdk/src/common/pico_sync/lock_core.c.obj
                0x10001204                lock_init
 .text.runtime_init_mutex
                0x10001230       0x70 CMakeFiles/m4.dir/home/totz45/repos/pico-sdk/src/common/pico_sync/mutex.c.obj
                0x10001230                runtime_init_mutex
 .text.mutex_init
                0x100012a0       0x2e CMakeFiles/m4.dir/home/totz45/repos/pico-sdk/src/common/pico_sync/mutex.c.obj
                0x100012a0                mutex_init
 .text.recursive_mutex_init
                0x100012ce       0x34 CMakeFiles/m4.dir/home/totz45/repos/pico-sdk/src/common/pico_sync/mutex.c.obj
                0x100012ce                recursive_mutex_init
 .text.to_us_since_boot
                0x10001302       0x1c CMakeFiles/m4.dir/home/totz45/repos/pico-sdk/src/common/pico_time/time.c.obj
 .text.update_us_since_boot
                0x1000131e       0x22 CMakeFiles/m4.dir/home/totz45/repos/pico-sdk/src/common/pico_time/time.c.obj
 .text.check_hardware_alarm_num_param
                0x10001340       0x14 CMakeFiles/m4.dir/home/totz45/repos/pico-sdk/src/common/pico_time/time.c.obj
 .text.timer_time_reached
                0x10001354       0x60 CMakeFiles/m4.dir/home/totz45/repos/pico-sdk/src/common/pico_time/time.c.obj
 .text.time_reached
                0x100013b4       0x24 CMakeFiles/m4.dir/home/totz45/repos/pico-sdk/src/common/pico_time/time.c.obj
 .text.timer_hardware_alarm_get_irq_num
                0x100013d8       0x30 CMakeFiles/m4.dir/home/totz45/repos/pico-sdk/src/common/pico_time/time.c.obj
 .text.timer_get_index
                0x10001408       0x28 CMakeFiles/m4.dir/home/totz45/repos/pico-sdk/src/common/pico_time/time.c.obj
 .text.timer_get_instance
                0x10001430       0x28 CMakeFiles/m4.dir/home/totz45/repos/pico-sdk/src/common/pico_time/time.c.obj
 .text.get_absolute_time
                0x10001458       0x24 CMakeFiles/m4.dir/home/totz45/repos/pico-sdk/src/common/pico_time/time.c.obj
 .text.delayed_by_us
                0x1000147c       0x5c CMakeFiles/m4.dir/home/totz45/repos/pico-sdk/src/common/pico_time/time.c.obj
 .text.make_timeout_time_us
                0x100014d8       0x24 CMakeFiles/m4.dir/home/totz45/repos/pico-sdk/src/common/pico_time/time.c.obj
 .text.absolute_time_diff_us
                0x100014fc       0x40 CMakeFiles/m4.dir/home/totz45/repos/pico-sdk/src/common/pico_time/time.c.obj
 .text.add_alarm_at
                0x1000153c       0x34 CMakeFiles/m4.dir/home/totz45/repos/pico-sdk/src/common/pico_time/time.c.obj
 .text.cancel_alarm
                0x10001570       0x20 CMakeFiles/m4.dir/home/totz45/repos/pico-sdk/src/common/pico_time/time.c.obj
 .text.default_alarm_pool_initialized
                0x10001590       0x20 CMakeFiles/m4.dir/home/totz45/repos/pico-sdk/src/common/pico_time/time.c.obj
 .text.ta_force_irq
                0x100015b0       0x36 CMakeFiles/m4.dir/home/totz45/repos/pico-sdk/src/common/pico_time/time.c.obj
 .text.ta_clear_force_irq
                0x100015e6       0x36 CMakeFiles/m4.dir/home/totz45/repos/pico-sdk/src/common/pico_time/time.c.obj
 .text.ta_clear_irq
                0x1000161c       0x20 CMakeFiles/m4.dir/home/totz45/repos/pico-sdk/src/common/pico_time/time.c.obj
 .text.ta_from_current_irq
                0x1000163c       0x36 CMakeFiles/m4.dir/home/totz45/repos/pico-sdk/src/common/pico_time/time.c.obj
 .text.ta_set_timeout
                0x10001672       0x26 CMakeFiles/m4.dir/home/totz45/repos/pico-sdk/src/common/pico_time/time.c.obj
 .text.ta_time_us_64
                0x10001698       0x1c CMakeFiles/m4.dir/home/totz45/repos/pico-sdk/src/common/pico_time/time.c.obj
 .text.ta_enable_irq_handler
                0x100016b4       0x58 CMakeFiles/m4.dir/home/totz45/repos/pico-sdk/src/common/pico_time/time.c.obj
 .text.ta_hardware_alarm_claim
                0x1000170c       0x1a CMakeFiles/m4.dir/home/totz45/repos/pico-sdk/src/common/pico_time/time.c.obj
 .text.ta_timer_num
                0x10001726       0x18 CMakeFiles/m4.dir/home/totz45/repos/pico-sdk/src/common/pico_time/time.c.obj
 *fill*         0x1000173e        0x2 
 .text.ta_default_timer_instance
                0x10001740       0x14 CMakeFiles/m4.dir/home/totz45/repos/pico-sdk/src/common/pico_time/time.c.obj
 .text.alarm_index
                0x10001754       0x1a CMakeFiles/m4.dir/home/totz45/repos/pico-sdk/src/common/pico_time/time.c.obj
 .text.alarm_sequence
                0x1000176e       0x18 CMakeFiles/m4.dir/home/totz45/repos/pico-sdk/src/common/pico_time/time.c.obj
 .text.make_alarm_id
                0x10001786       0x20 CMakeFiles/m4.dir/home/totz45/repos/pico-sdk/src/common/pico_time/time.c.obj
 *fill*         0x100017a6        0x2 
 .text.runtime_init_default_alarm_pool
                0x100017a8       0x48 CMakeFiles/m4.dir/home/totz45/repos/pico-sdk/src/common/pico_time/time.c.obj
                0x100017a8                runtime_init_default_alarm_pool
 .text.alarm_pool_get_default
                0x100017f0       0x30 CMakeFiles/m4.dir/home/totz45/repos/pico-sdk/src/common/pico_time/time.c.obj
                0x100017f0                alarm_pool_get_default
 .text.alarm_pool_irq_handler
                0x10001820      0x5b4 CMakeFiles/m4.dir/home/totz45/repos/pico-sdk/src/common/pico_time/time.c.obj
 .text.alarm_pool_post_alloc_init
                0x10001dd4       0xc8 CMakeFiles/m4.dir/home/totz45/repos/pico-sdk/src/common/pico_time/time.c.obj
 .text.alarm_pool_add_alarm_at
                0x10001e9c       0x56 CMakeFiles/m4.dir/home/totz45/repos/pico-sdk/src/common/pico_time/time.c.obj
                0x10001e9c                alarm_pool_add_alarm_at
 .text.alarm_pool_add_alarm_at_force_in_context
                0x10001ef2      0x19c CMakeFiles/m4.dir/home/totz45/repos/pico-sdk/src/common/pico_time/time.c.obj
                0x10001ef2                alarm_pool_add_alarm_at_force_in_context
 .text.alarm_pool_cancel_alarm
                0x1000208e      0x108 CMakeFiles/m4.dir/home/totz45/repos/pico-sdk/src/common/pico_time/time.c.obj
                0x1000208e                alarm_pool_cancel_alarm
 *fill*         0x10002196        0x2 
 .text.sleep_until_callback
                0x10002198       0x90 CMakeFiles/m4.dir/home/totz45/repos/pico-sdk/src/common/pico_time/time.c.obj
 .text.sleep_until
                0x10002228      0x130 CMakeFiles/m4.dir/home/totz45/repos/pico-sdk/src/common/pico_time/time.c.obj
                0x10002228                sleep_until
 .text.sleep_us
                0x10002358       0x26 CMakeFiles/m4.dir/home/totz45/repos/pico-sdk/src/common/pico_time/time.c.obj
                0x10002358                sleep_us
 .text.sleep_ms
                0x1000237e       0x7e CMakeFiles/m4.dir/home/totz45/repos/pico-sdk/src/common/pico_time/time.c.obj
                0x1000237e                sleep_ms
 .text.best_effort_wfe_or_timeout
                0x100023fc       0x88 CMakeFiles/m4.dir/home/totz45/repos/pico-sdk/src/common/pico_time/time.c.obj
                0x100023fc                best_effort_wfe_or_timeout
 .text.alarm_pool_get_default_timer
                0x10002484        0xe CMakeFiles/m4.dir/home/totz45/repos/pico-sdk/src/common/pico_time/time.c.obj
                0x10002484                alarm_pool_get_default_timer
 .text.to_us_since_boot
                0x10002492       0x1c CMakeFiles/m4.dir/home/totz45/repos/pico-sdk/src/rp2_common/hardware_timer/timer.c.obj
 .text.update_us_since_boot
                0x100024ae       0x22 CMakeFiles/m4.dir/home/totz45/repos/pico-sdk/src/rp2_common/hardware_timer/timer.c.obj
 .text.check_hardware_alarm_num_param
                0x100024d0       0x14 CMakeFiles/m4.dir/home/totz45/repos/pico-sdk/src/rp2_common/hardware_timer/timer.c.obj
 .text.timer_get_index
                0x100024e4       0x28 CMakeFiles/m4.dir/home/totz45/repos/pico-sdk/src/rp2_common/hardware_timer/timer.c.obj
 .text.timer_hardware_alarm_claim
                0x1000250c       0x38 CMakeFiles/m4.dir/home/totz45/repos/pico-sdk/src/rp2_common/hardware_timer/timer.c.obj
                0x1000250c                timer_hardware_alarm_claim
 .text.timer_time_us_64
                0x10002544       0x62 CMakeFiles/m4.dir/home/totz45/repos/pico-sdk/src/rp2_common/hardware_timer/timer.c.obj
                0x10002544                timer_time_us_64
 .text.timer_busy_wait_us
                0x100025a6       0x64 CMakeFiles/m4.dir/home/totz45/repos/pico-sdk/src/rp2_common/hardware_timer/timer.c.obj
                0x100025a6                timer_busy_wait_us
 .text.timer_busy_wait_until
                0x1000260a       0x68 CMakeFiles/m4.dir/home/totz45/repos/pico-sdk/src/rp2_common/hardware_timer/timer.c.obj
                0x1000260a                timer_busy_wait_until
 *fill*         0x10002672        0x2 
 .text.time_us_64
                0x10002674       0x18 CMakeFiles/m4.dir/home/totz45/repos/pico-sdk/src/rp2_common/hardware_timer/timer.c.obj
                0x10002674                time_us_64
 .text.busy_wait_us
                0x1000268c       0x20 CMakeFiles/m4.dir/home/totz45/repos/pico-sdk/src/rp2_common/hardware_timer/timer.c.obj
                0x1000268c                busy_wait_us
 .text.busy_wait_until
                0x100026ac       0x20 CMakeFiles/m4.dir/home/totz45/repos/pico-sdk/src/rp2_common/hardware_timer/timer.c.obj
                0x100026ac                busy_wait_until
 .text.reset_block_num
                0x100026cc       0x40 CMakeFiles/m4.dir/home/totz45/repos/pico-sdk/src/rp2_common/hardware_uart/uart.c.obj
 .text.unreset_block_num_wait_blocking
                0x1000270c       0x58 CMakeFiles/m4.dir/home/totz45/repos/pico-sdk/src/rp2_common/hardware_uart/uart.c.obj
 .text.uart_get_index
                0x10002764       0x28 CMakeFiles/m4.dir/home/totz45/repos/pico-sdk/src/rp2_common/hardware_uart/uart.c.obj
 .text.uart_get_hw
                0x1000278c       0x18 CMakeFiles/m4.dir/home/totz45/repos/pico-sdk/src/rp2_common/hardware_uart/uart.c.obj
 .text.uart_get_reset_num
                0x100027a4       0x22 CMakeFiles/m4.dir/home/totz45/repos/pico-sdk/src/rp2_common/hardware_uart/uart.c.obj
 .text.uart_clock_get_hz
                0x100027c6       0x18 CMakeFiles/m4.dir/home/totz45/repos/pico-sdk/src/rp2_common/hardware_uart/uart.c.obj
 .text.uart_reset
                0x100027de       0x1e CMakeFiles/m4.dir/home/totz45/repos/pico-sdk/src/rp2_common/hardware_uart/uart.c.obj
 .text.uart_unreset
                0x100027fc       0x1e CMakeFiles/m4.dir/home/totz45/repos/pico-sdk/src/rp2_common/hardware_uart/uart.c.obj
 .text.uart_init
                0x1000281a       0xcc CMakeFiles/m4.dir/home/totz45/repos/pico-sdk/src/rp2_common/hardware_uart/uart.c.obj
                0x1000281a                uart_init
 *fill*         0x100028e6        0x2 
 .text.uart_disable_before_lcr_write
                0x100028e8       0xa0 CMakeFiles/m4.dir/home/totz45/repos/pico-sdk/src/rp2_common/hardware_uart/uart.c.obj
 .text.uart_write_lcr_bits_masked
                0x10002988       0x5e CMakeFiles/m4.dir/home/totz45/repos/pico-sdk/src/rp2_common/hardware_uart/uart.c.obj
 .text.uart_set_baudrate
                0x100029e6       0x94 CMakeFiles/m4.dir/home/totz45/repos/pico-sdk/src/rp2_common/hardware_uart/uart.c.obj
                0x100029e6                uart_set_baudrate
 *fill*         0x10002a7a        0x2 
 .text.uart_set_translate_crlf
                0x10002a7c       0x38 CMakeFiles/m4.dir/home/totz45/repos/pico-sdk/src/rp2_common/hardware_uart/uart.c.obj
                0x10002a7c                uart_set_translate_crlf
 .text.busy_wait_at_least_cycles
                0x10002ab4       0x1c CMakeFiles/m4.dir/home/totz45/repos/pico-sdk/src/rp2_common/hardware_clocks/clocks.c.obj
 .text.has_glitchless_mux
                0x10002ad0       0x2e CMakeFiles/m4.dir/home/totz45/repos/pico-sdk/src/rp2_common/hardware_clocks/clocks.c.obj
 *fill*         0x10002afe        0x2 
 .text.clock_configure_internal
                0x10002b00      0x16c CMakeFiles/m4.dir/home/totz45/repos/pico-sdk/src/rp2_common/hardware_clocks/clocks.c.obj
 .text.clock_configure_undivided
                0x10002c6c       0x2a CMakeFiles/m4.dir/home/totz45/repos/pico-sdk/src/rp2_common/hardware_clocks/clocks.c.obj
                0x10002c6c                clock_configure_undivided
 *fill*         0x10002c96        0x2 
 .text.clock_get_hz
                0x10002c98       0x24 CMakeFiles/m4.dir/home/totz45/repos/pico-sdk/src/rp2_common/hardware_clocks/clocks.c.obj
                0x10002c98                clock_get_hz
 .text.clock_set_reported_hz
                0x10002cbc       0x28 CMakeFiles/m4.dir/home/totz45/repos/pico-sdk/src/rp2_common/hardware_clocks/clocks.c.obj
                0x10002cbc                clock_set_reported_hz
 .text.reset_unreset_block_num_wait_blocking
                0x10002ce4       0x80 CMakeFiles/m4.dir/home/totz45/repos/pico-sdk/src/rp2_common/hardware_pll/pll.c.obj
 .text.pll_init
                0x10002d64      0x168 CMakeFiles/m4.dir/home/totz45/repos/pico-sdk/src/rp2_common/hardware_pll/pll.c.obj
                0x10002d64                pll_init
 .text.watchdog_update
                0x10002ecc       0x20 CMakeFiles/m4.dir/home/totz45/repos/pico-sdk/src/rp2_common/hardware_watchdog/watchdog.c.obj
                0x10002ecc                watchdog_update
 .text._watchdog_enable
                0x10002eec       0xe4 CMakeFiles/m4.dir/home/totz45/repos/pico-sdk/src/rp2_common/hardware_watchdog/watchdog.c.obj
                0x10002eec                _watchdog_enable
 .text.watchdog_enable
                0x10002fd0       0x2c CMakeFiles/m4.dir/home/totz45/repos/pico-sdk/src/rp2_common/hardware_watchdog/watchdog.c.obj
                0x10002fd0                watchdog_enable
 .text.tick_start
                0x10002ffc       0x44 CMakeFiles/m4.dir/home/totz45/repos/pico-sdk/src/rp2_common/hardware_ticks/ticks.c.obj
                0x10002ffc                tick_start
 .text.xosc_init
                0x10003040       0x4c CMakeFiles/m4.dir/home/totz45/repos/pico-sdk/src/rp2_common/hardware_xosc/xosc.c.obj
                0x10003040                xosc_init
 .text.runtime_run_initializers_from
                0x1000308c       0x34 CMakeFiles/m4.dir/home/totz45/repos/pico-sdk/src/rp2_common/pico_runtime/runtime.c.obj
 .text.runtime_run_initializers
                0x100030c0       0x14 CMakeFiles/m4.dir/home/totz45/repos/pico-sdk/src/rp2_common/pico_runtime/runtime.c.obj
                0x100030c0                runtime_run_initializers
 .text.first_per_core_initializer
                0x100030d4        0xe CMakeFiles/m4.dir/home/totz45/repos/pico-sdk/src/rp2_common/pico_runtime/runtime.c.obj
 .text.runtime_init_bootrom_reset
                0x100030e2       0x20 CMakeFiles/m4.dir/home/totz45/repos/pico-sdk/src/rp2_common/pico_runtime_init/runtime_init.c.obj
                0x100030e2                runtime_init_bootrom_reset
 .text.runtime_init_per_core_bootrom_reset
                0x10003102       0x20 CMakeFiles/m4.dir/home/totz45/repos/pico-sdk/src/rp2_common/pico_runtime_init/runtime_init.c.obj
                0x10003102                runtime_init_per_core_bootrom_reset
 *fill*         0x10003122        0x2 
 .text.runtime_init_early_resets
                0x10003124       0x84 CMakeFiles/m4.dir/home/totz45/repos/pico-sdk/src/rp2_common/pico_runtime_init/runtime_init.c.obj
                0x10003124                runtime_init_early_resets
 .text.runtime_init_usb_power_down
                0x100031a8       0x3c CMakeFiles/m4.dir/home/totz45/repos/pico-sdk/src/rp2_common/pico_runtime_init/runtime_init.c.obj
                0x100031a8                runtime_init_usb_power_down
 .text.runtime_init_per_core_enable_coprocessors
                0x100031e4       0x48 CMakeFiles/m4.dir/home/totz45/repos/pico-sdk/src/rp2_common/pico_runtime_init/runtime_init.c.obj
                0x100031e4                runtime_init_per_core_enable_coprocessors
 .text.runtime_init_post_clock_resets
                0x1000322c       0x58 CMakeFiles/m4.dir/home/totz45/repos/pico-sdk/src/rp2_common/pico_runtime_init/runtime_init.c.obj
                0x1000322c                runtime_init_post_clock_resets
 .text.runtime_init_spin_locks_reset
                0x10003284        0xc CMakeFiles/m4.dir/home/totz45/repos/pico-sdk/src/rp2_common/pico_runtime_init/runtime_init.c.obj
                0x10003284                runtime_init_spin_locks_reset
 .text.runtime_init_install_ram_vector_table
                0x10003290       0x2c CMakeFiles/m4.dir/home/totz45/repos/pico-sdk/src/rp2_common/pico_runtime_init/runtime_init.c.obj
                0x10003290                runtime_init_install_ram_vector_table
 .text.running_on_fpga
                0x100032bc       0x10 CMakeFiles/m4.dir/home/totz45/repos/pico-sdk/src/rp2_common/pico_runtime_init/runtime_init_clocks.c.obj
 .text.start_all_ticks
                0x100032cc       0x44 CMakeFiles/m4.dir/home/totz45/repos/pico-sdk/src/rp2_common/pico_runtime_init/runtime_init_clocks.c.obj
 .text.runtime_init_clocks
                0x10003310      0x124 CMakeFiles/m4.dir/home/totz45/repos/pico-sdk/src/rp2_common/pico_runtime_init/runtime_init_clocks.c.obj
                0x10003310                runtime_init_clocks
 .text.rom_func_lookup
                0x10003434       0x5a CMakeFiles/m4.dir/home/totz45/repos/pico-sdk/src/rp2_common/pico_bootrom/bootrom.c.obj
                0x10003434                rom_func_lookup
 *fill*         0x1000348e        0x2 
 .text.bootrom_acquire_lock_blocking
                0x10003490       0x48 CMakeFiles/m4.dir/home/totz45/repos/pico-sdk/src/rp2_common/pico_bootrom/bootrom_lock.c.obj
 .text.runtime_init_bootrom_locking_enable
                0x100034d8        0xe CMakeFiles/m4.dir/home/totz45/repos/pico-sdk/src/rp2_common/pico_bootrom/bootrom_lock.c.obj
                0x100034d8                runtime_init_bootrom_locking_enable
 *fill*         0x100034e6        0x2 
 .text.boot_locks_reset
                0x100034e8       0x54 CMakeFiles/m4.dir/home/totz45/repos/pico-sdk/src/rp2_common/hardware_boot_lock/boot_lock.c.obj
                0x100034e8                boot_locks_reset
 .text.runtime_init_boot_locks_reset
                0x1000353c        0xc CMakeFiles/m4.dir/home/totz45/repos/pico-sdk/src/rp2_common/hardware_boot_lock/boot_lock.c.obj
                0x1000353c                runtime_init_boot_locks_reset
 .text.__rp2350_dcp_engaged_state_save_restore
                0x10003548       0x3a CMakeFiles/m4.dir/home/totz45/repos/pico-sdk/src/rp2_common/pico_double/double_aeabi_dcp.S.obj
 *fill*         0x10003582        0x2 
 .text.__wrap___aeabi_dadd
                0x10003584       0x28 CMakeFiles/m4.dir/home/totz45/repos/pico-sdk/src/rp2_common/pico_double/double_aeabi_dcp.S.obj
                0x1000358c                __wrap___aeabi_dadd
 .text.__wrap___aeabi_dsub
                0x100035ac       0x28 CMakeFiles/m4.dir/home/totz45/repos/pico-sdk/src/rp2_common/pico_double/double_aeabi_dcp.S.obj
                0x100035b4                __wrap___aeabi_dsub
 .text.__wrap___aeabi_dmul
                0x100035d4       0x4c CMakeFiles/m4.dir/home/totz45/repos/pico-sdk/src/rp2_common/pico_double/double_aeabi_dcp.S.obj
                0x100035dc                __wrap___aeabi_dmul
 .text.__wrap___aeabi_ddiv
                0x10003620       0x9c CMakeFiles/m4.dir/home/totz45/repos/pico-sdk/src/rp2_common/pico_double/double_aeabi_dcp.S.obj
                0x10003628                __wrap___aeabi_ddiv
 .text.__wrap___aeabi_i2d
                0x100036bc       0x24 CMakeFiles/m4.dir/home/totz45/repos/pico-sdk/src/rp2_common/pico_double/double_aeabi_dcp.S.obj
                0x100036c4                __wrap___aeabi_i2d
 .text.__wrap___aeabi_ui2d
                0x100036e0       0x24 CMakeFiles/m4.dir/home/totz45/repos/pico-sdk/src/rp2_common/pico_double/double_aeabi_dcp.S.obj
                0x100036e8                __wrap___aeabi_ui2d
 .text.__wrap___aeabi_d2iz
                0x10003704       0x24 CMakeFiles/m4.dir/home/totz45/repos/pico-sdk/src/rp2_common/pico_double/double_aeabi_dcp.S.obj
                0x1000370c                __wrap___aeabi_d2iz
 .text.__wrap___aeabi_d2uiz
                0x10003728       0x24 CMakeFiles/m4.dir/home/totz45/repos/pico-sdk/src/rp2_common/pico_double/double_aeabi_dcp.S.obj
                0x10003730                __wrap___aeabi_d2uiz
 .text.__wrap___aeabi_dcmpun
                0x1000374c       0x24 CMakeFiles/m4.dir/home/totz45/repos/pico-sdk/src/rp2_common/pico_double/double_aeabi_dcp.S.obj
                0x10003754                __wrap___aeabi_dcmpun
 .text.__wrap___aeabi_dcmplt
                0x10003770       0x28 CMakeFiles/m4.dir/home/totz45/repos/pico-sdk/src/rp2_common/pico_double/double_aeabi_dcp.S.obj
                0x10003778                __wrap___aeabi_dcmplt
 .text.__wrap___aeabi_dcmpge
                0x10003798       0x28 CMakeFiles/m4.dir/home/totz45/repos/pico-sdk/src/rp2_common/pico_double/double_aeabi_dcp.S.obj
                0x100037a0                __wrap___aeabi_dcmpge
 .text.__wrap___aeabi_dcmpgt
                0x100037c0       0x28 CMakeFiles/m4.dir/home/totz45/repos/pico-sdk/src/rp2_common/pico_double/double_aeabi_dcp.S.obj
                0x100037c8                __wrap___aeabi_dcmpgt
 .text._out_null
                0x100037e8       0x1c CMakeFiles/m4.dir/home/totz45/repos/pico-sdk/src/rp2_common/pico_printf/printf.c.obj
 .text._out_fct
                0x10003804       0x2c CMakeFiles/m4.dir/home/totz45/repos/pico-sdk/src/rp2_common/pico_printf/printf.c.obj
 .text._strnlen_s
                0x10003830       0x3a CMakeFiles/m4.dir/home/totz45/repos/pico-sdk/src/rp2_common/pico_printf/printf.c.obj
 .text._is_digit
                0x1000386a       0x2e CMakeFiles/m4.dir/home/totz45/repos/pico-sdk/src/rp2_common/pico_printf/printf.c.obj
 .text._atoi    0x10003898       0x48 CMakeFiles/m4.dir/home/totz45/repos/pico-sdk/src/rp2_common/pico_printf/printf.c.obj
 .text._out_rev
                0x100038e0       0xa0 CMakeFiles/m4.dir/home/totz45/repos/pico-sdk/src/rp2_common/pico_printf/printf.c.obj
 .text._ntoa_format
                0x10003980      0x1b8 CMakeFiles/m4.dir/home/totz45/repos/pico-sdk/src/rp2_common/pico_printf/printf.c.obj
 .text._ntoa_long
                0x10003b38       0xcc CMakeFiles/m4.dir/home/totz45/repos/pico-sdk/src/rp2_common/pico_printf/printf.c.obj
 .text._ntoa_long_long
                0x10003c04       0xda CMakeFiles/m4.dir/home/totz45/repos/pico-sdk/src/rp2_common/pico_printf/printf.c.obj
 *fill*         0x10003cde        0x2 
 .text._ftoa    0x10003ce0      0x4c4 CMakeFiles/m4.dir/home/totz45/repos/pico-sdk/src/rp2_common/pico_printf/printf.c.obj
 *fill*         0x100041a4        0x4 
 .text._etoa    0x100041a8      0x538 CMakeFiles/m4.dir/home/totz45/repos/pico-sdk/src/rp2_common/pico_printf/printf.c.obj
 .text._vsnprintf
                0x100046e0      0x9f8 CMakeFiles/m4.dir/home/totz45/repos/pico-sdk/src/rp2_common/pico_printf/printf.c.obj
 .text.vfctprintf
                0x100050d8       0x38 CMakeFiles/m4.dir/home/totz45/repos/pico-sdk/src/rp2_common/pico_printf/printf.c.obj
                0x100050d8                vfctprintf
 .text._exit    0x10005110        0xe CMakeFiles/m4.dir/home/totz45/repos/pico-sdk/src/rp2_common/pico_clib_interface/newlib_interface.c.obj
                0x10005110                _exit
 .text.exit     0x1000511e        0xe CMakeFiles/m4.dir/home/totz45/repos/pico-sdk/src/rp2_common/pico_clib_interface/newlib_interface.c.obj
                0x1000511e                exit
 .text.__assert_func
                0x1000512c       0x48 CMakeFiles/m4.dir/home/totz45/repos/pico-sdk/src/rp2_common/pico_clib_interface/newlib_interface.c.obj
                0x1000512c                __assert_func
 .text.runtime_init
                0x10005174       0x48 CMakeFiles/m4.dir/home/totz45/repos/pico-sdk/src/rp2_common/pico_clib_interface/newlib_interface.c.obj
                0x10005174                runtime_init
 .text.to_us_since_boot
                0x100051bc       0x1c CMakeFiles/m4.dir/home/totz45/repos/pico-sdk/src/rp2_common/pico_stdio/stdio.c.obj
 .text.update_us_since_boot
                0x100051d8       0x22 CMakeFiles/m4.dir/home/totz45/repos/pico-sdk/src/rp2_common/pico_stdio/stdio.c.obj
 .text.get_absolute_time
                0x100051fa       0x24 CMakeFiles/m4.dir/home/totz45/repos/pico-sdk/src/rp2_common/pico_stdio/stdio.c.obj
 .text.delayed_by_ms
                0x1000521e       0xc0 CMakeFiles/m4.dir/home/totz45/repos/pico-sdk/src/rp2_common/pico_stdio/stdio.c.obj
 .text.make_timeout_time_ms
                0x100052de       0x20 CMakeFiles/m4.dir/home/totz45/repos/pico-sdk/src/rp2_common/pico_stdio/stdio.c.obj
 *fill*         0x100052fe        0x2 
 .text.stdout_serialize_begin
                0x10005300       0x20 CMakeFiles/m4.dir/home/totz45/repos/pico-sdk/src/rp2_common/pico_stdio/stdio.c.obj
                0x10005300                stdout_serialize_begin
 .text.stdout_serialize_end
                0x10005320       0x14 CMakeFiles/m4.dir/home/totz45/repos/pico-sdk/src/rp2_common/pico_stdio/stdio.c.obj
                0x10005320                stdout_serialize_end
 .text.stdio_out_chars_no_crlf
                0x10005334       0x1e CMakeFiles/m4.dir/home/totz45/repos/pico-sdk/src/rp2_common/pico_stdio/stdio.c.obj
 *fill*         0x10005352        0x2 
 .text.stdio_out_chars_crlf
                0x10005354       0xf4 CMakeFiles/m4.dir/home/totz45/repos/pico-sdk/src/rp2_common/pico_stdio/stdio.c.obj
 .text.stdio_put_string
                0x10005448       0xb8 CMakeFiles/m4.dir/home/totz45/repos/pico-sdk/src/rp2_common/pico_stdio/stdio.c.obj
                0x10005448                stdio_put_string
 .text.stdio_set_driver_enabled
                0x10005500       0x68 CMakeFiles/m4.dir/home/totz45/repos/pico-sdk/src/rp2_common/pico_stdio/stdio.c.obj
                0x10005500                stdio_set_driver_enabled
 .text.stdio_flush
                0x10005568       0x38 CMakeFiles/m4.dir/home/totz45/repos/pico-sdk/src/rp2_common/pico_stdio/stdio.c.obj
                0x10005568                stdio_flush
 .text.stdio_stack_buffer_flush
                0x100055a0       0x6c CMakeFiles/m4.dir/home/totz45/repos/pico-sdk/src/rp2_common/pico_stdio/stdio.c.obj
 .text.stdio_buffered_printer
                0x1000560c       0x38 CMakeFiles/m4.dir/home/totz45/repos/pico-sdk/src/rp2_common/pico_stdio/stdio.c.obj
 .text.stdio_init_all
                0x10005644       0x1c CMakeFiles/m4.dir/home/totz45/repos/pico-sdk/src/rp2_common/pico_stdio/stdio.c.obj
                0x10005644                stdio_init_all
 .text.__wrap_puts
                0x10005660       0x2c CMakeFiles/m4.dir/home/totz45/repos/pico-sdk/src/rp2_common/pico_stdio/stdio.c.obj
                0x10005660                __wrap_puts
                0x10005660                stdio_puts
 .text.__wrap_vprintf
                0x1000568c       0x54 CMakeFiles/m4.dir/home/totz45/repos/pico-sdk/src/rp2_common/pico_stdio/stdio.c.obj
                0x1000568c                __wrap_vprintf
                0x1000568c                stdio_vprintf
 .text.__wrap_printf
                0x100056e0       0x28 CMakeFiles/m4.dir/home/totz45/repos/pico-sdk/src/rp2_common/pico_stdio/stdio.c.obj
                0x100056e0                stdio_printf
                0x100056e0                __wrap_printf
 .text.uart_get_index
                0x10005708       0x28 CMakeFiles/m4.dir/home/totz45/repos/pico-sdk/src/rp2_common/pico_stdio_uart/stdio_uart.c.obj
 .text.uart_get_hw
                0x10005730       0x18 CMakeFiles/m4.dir/home/totz45/repos/pico-sdk/src/rp2_common/pico_stdio_uart/stdio_uart.c.obj
 .text.uart_set_irqs_enabled
                0x10005748       0xc6 CMakeFiles/m4.dir/home/totz45/repos/pico-sdk/src/rp2_common/pico_stdio_uart/stdio_uart.c.obj
 .text.uart_is_writable
                0x1000580e       0x28 CMakeFiles/m4.dir/home/totz45/repos/pico-sdk/src/rp2_common/pico_stdio_uart/stdio_uart.c.obj
 .text.uart_tx_wait_blocking
                0x10005836       0x28 CMakeFiles/m4.dir/home/totz45/repos/pico-sdk/src/rp2_common/pico_stdio_uart/stdio_uart.c.obj
 .text.uart_is_readable
                0x1000585e       0x28 CMakeFiles/m4.dir/home/totz45/repos/pico-sdk/src/rp2_common/pico_stdio_uart/stdio_uart.c.obj
 .text.uart_write_blocking
                0x10005886       0x52 CMakeFiles/m4.dir/home/totz45/repos/pico-sdk/src/rp2_common/pico_stdio_uart/stdio_uart.c.obj
 .text.uart_read_blocking
                0x100058d8       0x52 CMakeFiles/m4.dir/home/totz45/repos/pico-sdk/src/rp2_common/pico_stdio_uart/stdio_uart.c.obj
 .text.uart_putc_raw
                0x1000592a       0x20 CMakeFiles/m4.dir/home/totz45/repos/pico-sdk/src/rp2_common/pico_stdio_uart/stdio_uart.c.obj
 *fill*         0x1000594a        0x2 
 .text.uart_putc
                0x1000594c       0x40 CMakeFiles/m4.dir/home/totz45/repos/pico-sdk/src/rp2_common/pico_stdio_uart/stdio_uart.c.obj
 .text.uart_getc
                0x1000598c       0x20 CMakeFiles/m4.dir/home/totz45/repos/pico-sdk/src/rp2_common/pico_stdio_uart/stdio_uart.c.obj
 .text.uart_default_tx_wait_blocking
                0x100059ac       0x14 CMakeFiles/m4.dir/home/totz45/repos/pico-sdk/src/rp2_common/pico_stdio_uart/stdio_uart.c.obj
 .text.stdio_uart_init
                0x100059c0       0x4c CMakeFiles/m4.dir/home/totz45/repos/pico-sdk/src/rp2_common/pico_stdio_uart/stdio_uart.c.obj
                0x100059c0                stdio_uart_init
 .text.stdio_uart_init_full
                0x10005a0c       0x78 CMakeFiles/m4.dir/home/totz45/repos/pico-sdk/src/rp2_common/pico_stdio_uart/stdio_uart.c.obj
                0x10005a0c                stdio_uart_init_full
 .text.stdio_uart_out_chars
                0x10005a84       0x40 CMakeFiles/m4.dir/home/totz45/repos/pico-sdk/src/rp2_common/pico_stdio_uart/stdio_uart.c.obj
 .text.stdio_uart_in_chars
                0x10005ac4       0x78 CMakeFiles/m4.dir/home/totz45/repos/pico-sdk/src/rp2_common/pico_stdio_uart/stdio_uart.c.obj
                0x10005ac4                stdio_uart_in_chars
 .text.on_uart_rx
                0x10005b3c       0x38 CMakeFiles/m4.dir/home/totz45/repos/pico-sdk/src/rp2_common/pico_stdio_uart/stdio_uart.c.obj
 .text.stdio_uart_set_chars_available_callback
                0x10005b74       0xa0 CMakeFiles/m4.dir/home/totz45/repos/pico-sdk/src/rp2_common/pico_stdio_uart/stdio_uart.c.obj
 .text.stdio_uart_out_flush
                0x10005c14        0xc CMakeFiles/m4.dir/home/totz45/repos/pico-sdk/src/rp2_common/pico_stdio_uart/stdio_uart.c.obj
 .text.i2c_get_index
                0x10005c20       0x28 CMakeFiles/m4.dir/home/totz45/repos/pico-sdk/src/rp2_common/hardware_i2c/i2c.c.obj
 .text.i2c_get_hw
                0x10005c48       0x1a CMakeFiles/m4.dir/home/totz45/repos/pico-sdk/src/rp2_common/hardware_i2c/i2c.c.obj
 .text.i2c_get_write_available
                0x10005c62       0x22 CMakeFiles/m4.dir/home/totz45/repos/pico-sdk/src/rp2_common/hardware_i2c/i2c.c.obj
 .text.i2c_get_read_available
                0x10005c84       0x1a CMakeFiles/m4.dir/home/totz45/repos/pico-sdk/src/rp2_common/hardware_i2c/i2c.c.obj
 *fill*         0x10005c9e        0x2 
 .text.reset_block_num
                0x10005ca0       0x40 CMakeFiles/m4.dir/home/totz45/repos/pico-sdk/src/rp2_common/hardware_i2c/i2c.c.obj
 .text.unreset_block_num_wait_blocking
                0x10005ce0       0x58 CMakeFiles/m4.dir/home/totz45/repos/pico-sdk/src/rp2_common/hardware_i2c/i2c.c.obj
 .text.i2c_reset
                0x10005d38       0x28 CMakeFiles/m4.dir/home/totz45/repos/pico-sdk/src/rp2_common/hardware_i2c/i2c.c.obj
 .text.i2c_unreset
                0x10005d60       0x28 CMakeFiles/m4.dir/home/totz45/repos/pico-sdk/src/rp2_common/hardware_i2c/i2c.c.obj
 .text.i2c_init
                0x10005d88       0x5a CMakeFiles/m4.dir/home/totz45/repos/pico-sdk/src/rp2_common/hardware_i2c/i2c.c.obj
                0x10005d88                i2c_init
 *fill*         0x10005de2        0x2 
 .text.i2c_set_baudrate
                0x10005de4      0x14c CMakeFiles/m4.dir/home/totz45/repos/pico-sdk/src/rp2_common/hardware_i2c/i2c.c.obj
                0x10005de4                i2c_set_baudrate
 .text.i2c_write_blocking_internal
                0x10005f30      0x21a CMakeFiles/m4.dir/home/totz45/repos/pico-sdk/src/rp2_common/hardware_i2c/i2c.c.obj
 .text.i2c_write_blocking
                0x1000614a       0x32 CMakeFiles/m4.dir/home/totz45/repos/pico-sdk/src/rp2_common/hardware_i2c/i2c.c.obj
                0x1000614a                i2c_write_blocking
 .text.i2c_read_blocking_internal
                0x1000617c      0x192 CMakeFiles/m4.dir/home/totz45/repos/pico-sdk/src/rp2_common/hardware_i2c/i2c.c.obj
 .text.i2c_read_blocking
                0x1000630e       0x32 CMakeFiles/m4.dir/home/totz45/repos/pico-sdk/src/rp2_common/hardware_i2c/i2c.c.obj
                0x1000630e                i2c_read_blocking
 .text          0x10006340       0xec /usr/local/share/arm-gnu-toolchain-13.3.rel1-x86_64-arm-none-eabi/bin/../lib/gcc/arm-none-eabi/13.3.1/../../../../arm-none-eabi/lib/thumb/v8-m.main+fp/softfp/libg.a(libc_a-memcpy.o)
                0x10006340                memcpy
 .text.strlen   0x1000642c       0x5c /usr/local/share/arm-gnu-toolchain-13.3.rel1-x86_64-arm-none-eabi/bin/../lib/gcc/arm-none-eabi/13.3.1/../../../../arm-none-eabi/lib/thumb/v8-m.main+fp/softfp/libg.a(libc_a-strlen-stub.o)
                0x1000642c                strlen
 *(.fini)
 .fini          0x10006488        0x4 /usr/local/share/arm-gnu-toolchain-13.3.rel1-x86_64-arm-none-eabi/bin/../lib/gcc/arm-none-eabi/13.3.1/thumb/v8-m.main+fp/softfp/crti.o
                0x10006488                _fini
 *fill*         0x1000648c        0x4 
 .fini.__stub   0x10006490       0x18 linker stubs
 *crtbegin.o(.ctors)
 *crtbegin?.o(.ctors)
 *(EXCLUDE_FILE(*crtend.o *crtend?.o) .ctors)
 *(SORT_BY_NAME(.ctors.*))
 *(.ctors)
 *crtbegin.o(.dtors)
 *crtbegin?.o(.dtors)
 *(EXCLUDE_FILE(*crtend.o *crtend?.o) .dtors)
 *(SORT_BY_NAME(.dtors.*))
 *(.dtors)
                0x100064a8                        . = ALIGN (0x4)
                0x100064a8                        PROVIDE (__preinit_array_start = .)
 *(SORT_BY_NAME(.preinit_array.*))
 .preinit_array.00050
                0x100064a8        0x4 CMakeFiles/m4.dir/home/totz45/repos/pico-sdk/src/rp2_common/pico_runtime_init/runtime_init.c.obj
                0x100064a8                __pre_init_runtime_init_bootrom_reset
 .preinit_array.00100
                0x100064ac        0x4 CMakeFiles/m4.dir/home/totz45/repos/pico-sdk/src/rp2_common/pico_runtime_init/runtime_init.c.obj
                0x100064ac                __pre_init_runtime_init_early_resets
 .preinit_array.00101
                0x100064b0        0x4 CMakeFiles/m4.dir/home/totz45/repos/pico-sdk/src/rp2_common/pico_runtime_init/runtime_init.c.obj
                0x100064b0                __pre_init_runtime_init_usb_power_down
 .preinit_array.00500
                0x100064b4        0x4 CMakeFiles/m4.dir/home/totz45/repos/pico-sdk/src/rp2_common/pico_runtime_init/runtime_init.c.obj
                0x100064b4                __pre_init_runtime_init_clocks
 .preinit_array.00600
                0x100064b8        0x4 CMakeFiles/m4.dir/home/totz45/repos/pico-sdk/src/rp2_common/pico_runtime_init/runtime_init.c.obj
                0x100064b8                __pre_init_runtime_init_post_clock_resets
 .preinit_array.01000
                0x100064bc        0x4 CMakeFiles/m4.dir/home/totz45/repos/pico-sdk/src/rp2_common/pico_runtime_init/runtime_init.c.obj
                0x100064bc                __pre_init_runtime_init_spin_locks_reset
 .preinit_array.01000
                0x100064c0        0x4 CMakeFiles/m4.dir/home/totz45/repos/pico-sdk/src/rp2_common/hardware_boot_lock/boot_lock.c.obj
                0x100064c0                __pre_init_runtime_init_boot_locks_reset
 .preinit_array.01010
                0x100064c4        0x4 CMakeFiles/m4.dir/home/totz45/repos/pico-sdk/src/rp2_common/pico_bootrom/bootrom_lock.c.obj
                0x100064c4                __pre_init_runtime_init_bootrom_locking_enable
 .preinit_array.01100
                0x100064c8        0x4 CMakeFiles/m4.dir/home/totz45/repos/pico-sdk/src/common/pico_sync/mutex.c.obj
                0x100064c8                __pre_init_runtime_init_mutex
 .preinit_array.10080
                0x100064cc        0x4 CMakeFiles/m4.dir/home/totz45/repos/pico-sdk/src/rp2_common/pico_runtime_init/runtime_init.c.obj
                0x100064cc                __pre_init_runtime_init_install_ram_vector_table
 .preinit_array.11000
                0x100064d0        0x4 CMakeFiles/m4.dir/home/totz45/repos/pico-sdk/src/common/pico_time/time.c.obj
                0x100064d0                __pre_init_runtime_init_default_alarm_pool
 .preinit_array.YYYYY
                0x100064d4        0x4 CMakeFiles/m4.dir/home/totz45/repos/pico-sdk/src/rp2_common/pico_runtime/runtime.c.obj
                0x100064d4                __pre_init_first_per_core_initializer
 .preinit_array.ZZZZZ.00051
                0x100064d8        0x4 CMakeFiles/m4.dir/home/totz45/repos/pico-sdk/src/rp2_common/pico_runtime_init/runtime_init.c.obj
                0x100064d8                __pre_init_runtime_init_per_core_bootrom_reset
 .preinit_array.ZZZZZ.00200
                0x100064dc        0x4 CMakeFiles/m4.dir/home/totz45/repos/pico-sdk/src/rp2_common/pico_runtime_init/runtime_init.c.obj
                0x100064dc                __pre_init_runtime_init_per_core_enable_coprocessors
 .preinit_array.ZZZZZ.01000
                0x100064e0        0x4 CMakeFiles/m4.dir/home/totz45/repos/pico-sdk/src/rp2_common/hardware_sync_spin_lock/sync_spin_lock.c.obj
                0x100064e0                __pre_init_spinlock_set_extexclall
 .preinit_array.ZZZZZ.01200
                0x100064e4        0x4 CMakeFiles/m4.dir/home/totz45/repos/pico-sdk/src/rp2_common/hardware_irq/irq.c.obj
                0x100064e4                __pre_init_runtime_init_per_core_irq_priorities
 *(.preinit_array)
                0x100064e8                        PROVIDE (__preinit_array_end = .)
                0x100064e8                        . = ALIGN (0x4)
                0x100064e8                        PROVIDE (__init_array_start = .)
 *(SORT_BY_NAME(.init_array.*))
 *(.init_array)
 .init_array    0x100064e8        0x4 /usr/local/share/arm-gnu-toolchain-13.3.rel1-x86_64-arm-none-eabi/bin/../lib/gcc/arm-none-eabi/13.3.1/thumb/v8-m.main+fp/softfp/crtbegin.o
                0x100064ec                        PROVIDE (__init_array_end = .)
                0x100064ec                        . = ALIGN (0x4)
                [!provide]                        PROVIDE (__fini_array_start = .)
 *(SORT_BY_NAME(.fini_array.*))
 *(.fini_array)
                [!provide]                        PROVIDE (__fini_array_end = .)
 *(.eh_frame*)
 .eh_frame      0x100064ec        0x0 /usr/local/share/arm-gnu-toolchain-13.3.rel1-x86_64-arm-none-eabi/bin/../lib/gcc/arm-none-eabi/13.3.1/thumb/v8-m.main+fp/softfp/crtbegin.o
                0x100064ec                        . = ALIGN (0x4)

.glue_7         0x100064ec        0x0
 .glue_7        0x100064ec        0x0 linker stubs

.glue_7t        0x100064ec        0x0
 .glue_7t       0x100064ec        0x0 linker stubs

.vfp11_veneer   0x100064ec        0x0
 .vfp11_veneer  0x100064ec        0x0 linker stubs

.v4_bx          0x100064ec        0x0
 .v4_bx         0x100064ec        0x0 linker stubs

.iplt           0x100064ec        0x0
 .iplt          0x100064ec        0x0 /usr/local/share/arm-gnu-toolchain-13.3.rel1-x86_64-arm-none-eabi/bin/../lib/gcc/arm-none-eabi/13.3.1/thumb/v8-m.main+fp/softfp/crtbegin.o

.boot2          0x100064ec        0x0
                0x100064ec                        __boot2_start__ = .
 *(.boot2)
                0x100064ec                        __boot2_end__ = .
                0x00000001                        ASSERT (((__boot2_end__ - __boot2_start__) <= 0x100), ERROR: Pico second stage bootloader must be no more than 256 bytes in size)

.rodata         0x100064f0      0x92c
 *(EXCLUDE_FILE(*libm.a: *libc.a:*lib_a-mem*.o *libgcc.a:) .rodata*)
 .rodata        0x100064f0       0x41 CMakeFiles/m4.dir/I2C_application1.c.obj
 *fill*         0x10006531        0x3 
 .rodata        0x10006534       0x22 CMakeFiles/m4.dir/home/totz45/repos/pico-sdk/src/rp2_common/pico_platform_panic/panic.c.obj
 *fill*         0x10006556        0x2 
 .rodata        0x10006558      0x253 CMakeFiles/m4.dir/home/totz45/repos/pico-sdk/src/rp2_common/hardware_irq/irq.c.obj
 *fill*         0x100067ab        0x1 
 .rodata.__func__.6
                0x100067ac       0x1a CMakeFiles/m4.dir/home/totz45/repos/pico-sdk/src/rp2_common/hardware_irq/irq.c.obj
 *fill*         0x100067c6        0x2 
 .rodata.__func__.5
                0x100067c8        0xa CMakeFiles/m4.dir/home/totz45/repos/pico-sdk/src/rp2_common/hardware_irq/irq.c.obj
 *fill*         0x100067d2        0x2 
 .rodata.__func__.4
                0x100067d4        0xd CMakeFiles/m4.dir/home/totz45/repos/pico-sdk/src/rp2_common/hardware_irq/irq.c.obj
 *fill*         0x100067e1        0x3 
 .rodata.__func__.2
                0x100067e4        0xd CMakeFiles/m4.dir/home/totz45/repos/pico-sdk/src/rp2_common/hardware_irq/irq.c.obj
 *fill*         0x100067f1        0x3 
 .rodata.__func__.1
                0x100067f4       0x13 CMakeFiles/m4.dir/home/totz45/repos/pico-sdk/src/rp2_common/hardware_irq/irq.c.obj
 *fill*         0x10006807        0x1 
 .rodata.__func__.0
                0x10006808       0x1a CMakeFiles/m4.dir/home/totz45/repos/pico-sdk/src/rp2_common/hardware_irq/irq.c.obj
 *fill*         0x10006822        0x2 
 .rodata        0x10006824       0xad CMakeFiles/m4.dir/home/totz45/repos/pico-sdk/src/common/pico_sync/mutex.c.obj
 *fill*         0x100068d1        0x3 
 .rodata.__func__.6
                0x100068d4       0x13 CMakeFiles/m4.dir/home/totz45/repos/pico-sdk/src/common/pico_sync/mutex.c.obj
 *fill*         0x100068e7        0x1 
 .rodata.__func__.3
                0x100068e8       0x18 CMakeFiles/m4.dir/home/totz45/repos/pico-sdk/src/common/pico_sync/mutex.c.obj
 .rodata.__func__.1
                0x10006900        0xb CMakeFiles/m4.dir/home/totz45/repos/pico-sdk/src/common/pico_sync/mutex.c.obj
 *fill*         0x1000690b        0x1 
 .rodata        0x1000690c      0x11d CMakeFiles/m4.dir/home/totz45/repos/pico-sdk/src/common/pico_time/time.c.obj
 *fill*         0x10006a29        0x3 
 .rodata.__func__.2
                0x10006a2c       0x17 CMakeFiles/m4.dir/home/totz45/repos/pico-sdk/src/common/pico_time/time.c.obj
 *fill*         0x10006a43        0x1 
 .rodata.__func__.1
                0x10006a44       0x17 CMakeFiles/m4.dir/home/totz45/repos/pico-sdk/src/common/pico_time/time.c.obj
 *fill*         0x10006a5b        0x1 
 .rodata        0x10006a5c       0x9a CMakeFiles/m4.dir/home/totz45/repos/pico-sdk/src/rp2_common/hardware_timer/timer.c.obj
 *fill*         0x10006af6        0x2 
 .rodata        0x10006af8      0x114 CMakeFiles/m4.dir/home/totz45/repos/pico-sdk/src/rp2_common/hardware_pll/pll.c.obj
 .rodata.__func__.0
                0x10006c0c        0x9 CMakeFiles/m4.dir/home/totz45/repos/pico-sdk/src/rp2_common/hardware_pll/pll.c.obj
 *fill*         0x10006c15        0x3 
 .rodata.__bi_26
                0x10006c18        0xc CMakeFiles/m4.dir/home/totz45/repos/pico-sdk/src/rp2_common/pico_standard_binary_info/standard_binary_info.c.obj
 .rodata        0x10006c24       0x42 CMakeFiles/m4.dir/home/totz45/repos/pico-sdk/src/rp2_common/pico_standard_binary_info/standard_binary_info.c.obj
 *fill*         0x10006c66        0x2 
 .rodata.__bi_34
                0x10006c68        0xc CMakeFiles/m4.dir/home/totz45/repos/pico-sdk/src/rp2_common/pico_standard_binary_info/standard_binary_info.c.obj
 .rodata.__bi_42
                0x10006c74        0xc CMakeFiles/m4.dir/home/totz45/repos/pico-sdk/src/rp2_common/pico_standard_binary_info/standard_binary_info.c.obj
 .rodata.__bi_48
                0x10006c80        0xc CMakeFiles/m4.dir/home/totz45/repos/pico-sdk/src/rp2_common/pico_standard_binary_info/standard_binary_info.c.obj
 .rodata.__bi_54
                0x10006c8c        0xc CMakeFiles/m4.dir/home/totz45/repos/pico-sdk/src/rp2_common/pico_standard_binary_info/standard_binary_info.c.obj
 .rodata.__bi_84
                0x10006c98        0xc CMakeFiles/m4.dir/home/totz45/repos/pico-sdk/src/rp2_common/pico_standard_binary_info/standard_binary_info.c.obj
 .rodata.__bi_94
                0x10006ca4        0xc CMakeFiles/m4.dir/home/totz45/repos/pico-sdk/src/rp2_common/pico_standard_binary_info/standard_binary_info.c.obj
 .rodata        0x10006cb0       0x18 CMakeFiles/m4.dir/home/totz45/repos/pico-sdk/src/rp2_common/pico_printf/printf.c.obj
 .rodata.pow10.0
                0x10006cc8       0x50 CMakeFiles/m4.dir/home/totz45/repos/pico-sdk/src/rp2_common/pico_printf/printf.c.obj
 .rodata        0x10006d18       0x43 CMakeFiles/m4.dir/home/totz45/repos/pico-sdk/src/rp2_common/pico_clib_interface/newlib_interface.c.obj
 *fill*         0x10006d5b        0x1 
 .rodata.crlf_str.0
                0x10006d5c        0x2 CMakeFiles/m4.dir/home/totz45/repos/pico-sdk/src/rp2_common/pico_stdio/stdio.c.obj
 *fill*         0x10006d5e        0x2 
 .rodata.__bi_50.13
                0x10006d60        0x8 CMakeFiles/m4.dir/home/totz45/repos/pico-sdk/src/rp2_common/pico_stdio_uart/stdio_uart.c.obj
 .rodata.__bi_49.11
                0x10006d68        0x8 CMakeFiles/m4.dir/home/totz45/repos/pico-sdk/src/rp2_common/pico_stdio_uart/stdio_uart.c.obj
 .rodata        0x10006d70       0x2b CMakeFiles/m4.dir/home/totz45/repos/pico-sdk/src/rp2_common/pico_stdio_uart/stdio_uart.c.obj
 *fill*         0x10006d9b        0x1 
 .rodata.__bi_45.9
                0x10006d9c        0xc CMakeFiles/m4.dir/home/totz45/repos/pico-sdk/src/rp2_common/pico_stdio_uart/stdio_uart.c.obj
 .rodata        0x10006da8       0x5e CMakeFiles/m4.dir/home/totz45/repos/pico-sdk/src/rp2_common/hardware_i2c/i2c.c.obj
 *fill*         0x10006e06        0x2 
 .rodata.__func__.0
                0x10006e08       0x11 CMakeFiles/m4.dir/home/totz45/repos/pico-sdk/src/rp2_common/hardware_i2c/i2c.c.obj
 *(.srodata*)
                0x10006e1c                        . = ALIGN (0x4)
 *fill*         0x10006e19        0x3 
 *(SORT_BY_ALIGNMENT(SORT_BY_NAME(.flashdata*)))
                0x10006e1c                        . = ALIGN (0x4)

.ARM.extab
 *(.ARM.extab* .gnu.linkonce.armextab.*)
                0x10006e1c                        __exidx_start = .

.ARM.exidx      0x10006e1c        0x8
 *(.ARM.exidx* .gnu.linkonce.armexidx.*)
 .ARM.exidx     0x10006e1c        0x8 /usr/local/share/arm-gnu-toolchain-13.3.rel1-x86_64-arm-none-eabi/bin/../lib/gcc/arm-none-eabi/13.3.1/../../../../arm-none-eabi/lib/thumb/v8-m.main+fp/softfp/libg.a(libc_a-memcpy.o)
 .ARM.exidx.text.__udivmoddi4
                0x10006e24        0x0 /usr/local/share/arm-gnu-toolchain-13.3.rel1-x86_64-arm-none-eabi/bin/../lib/gcc/arm-none-eabi/13.3.1/thumb/v8-m.main+fp/softfp/libgcc.a(_udivmoddi4.o)
                                  0x8 (size before relaxing)
                0x10006e24                        __exidx_end = .
                0x10006e24                        . = ALIGN (0x4)
                0x10006e24                        __binary_info_start = .

.binary_info    0x10006e24       0x28
 *(.binary_info.keep.*)
 .binary_info.keep.__bi_ptr26
                0x10006e24        0x4 CMakeFiles/m4.dir/home/totz45/repos/pico-sdk/src/rp2_common/pico_standard_binary_info/standard_binary_info.c.obj
 .binary_info.keep.__bi_ptr34
                0x10006e28        0x4 CMakeFiles/m4.dir/home/totz45/repos/pico-sdk/src/rp2_common/pico_standard_binary_info/standard_binary_info.c.obj
 .binary_info.keep.__bi_ptr42
                0x10006e2c        0x4 CMakeFiles/m4.dir/home/totz45/repos/pico-sdk/src/rp2_common/pico_standard_binary_info/standard_binary_info.c.obj
 .binary_info.keep.__bi_ptr48
                0x10006e30        0x4 CMakeFiles/m4.dir/home/totz45/repos/pico-sdk/src/rp2_common/pico_standard_binary_info/standard_binary_info.c.obj
 .binary_info.keep.__bi_ptr54
                0x10006e34        0x4 CMakeFiles/m4.dir/home/totz45/repos/pico-sdk/src/rp2_common/pico_standard_binary_info/standard_binary_info.c.obj
 .binary_info.keep.__bi_ptr84
                0x10006e38        0x4 CMakeFiles/m4.dir/home/totz45/repos/pico-sdk/src/rp2_common/pico_standard_binary_info/standard_binary_info.c.obj
 .binary_info.keep.__bi_ptr94
                0x10006e3c        0x4 CMakeFiles/m4.dir/home/totz45/repos/pico-sdk/src/rp2_common/pico_standard_binary_info/standard_binary_info.c.obj
 *(.binary_info.*)
 .binary_info.__bi_ptr45
                0x10006e40        0x4 CMakeFiles/m4.dir/home/totz45/repos/pico-sdk/src/rp2_common/pico_stdio_uart/stdio_uart.c.obj
 .binary_info.__bi_ptr49
                0x10006e44        0x4 CMakeFiles/m4.dir/home/totz45/repos/pico-sdk/src/rp2_common/pico_stdio_uart/stdio_uart.c.obj
 .binary_info.__bi_ptr50
                0x10006e48        0x4 CMakeFiles/m4.dir/home/totz45/repos/pico-sdk/src/rp2_common/pico_stdio_uart/stdio_uart.c.obj
                0x10006e4c                        __binary_info_end = .
                0x10006e4c                        . = ALIGN (0x4)

.ram_vector_table
                0x20000000      0x110
 *(.ram_vector_table)
 .ram_vector_table
                0x20000000      0x110 CMakeFiles/m4.dir/home/totz45/repos/pico-sdk/src/rp2_common/pico_runtime_init/runtime_init.c.obj
                0x20000000                ram_vector_table

.uninitialized_data
                0x20000110        0x0
                0x20000110                        . = ALIGN (0x4)
 *(.uninitialized_data*)

.data           0x20000110      0x67c load address 0x10006e4c
                0x20000110                        __data_start__ = .
 *(vtable)
 *(.time_critical*)
 .time_critical.mutex_try_enter
                0x20000110       0xb6 CMakeFiles/m4.dir/home/totz45/repos/pico-sdk/src/common/pico_sync/mutex.c.obj
                0x20000110                mutex_try_enter
 .time_critical.mutex_try_enter_block_until
                0x200001c6       0x50 CMakeFiles/m4.dir/home/totz45/repos/pico-sdk/src/common/pico_sync/mutex.c.obj
                0x200001c6                mutex_try_enter_block_until
 *fill*         0x20000216        0x2 
 .time_critical.mutex_enter_block_until
                0x20000218       0xf4 CMakeFiles/m4.dir/home/totz45/repos/pico-sdk/src/common/pico_sync/mutex.c.obj
                0x20000218                mutex_enter_block_until
 .time_critical.mutex_exit
                0x2000030c       0xa4 CMakeFiles/m4.dir/home/totz45/repos/pico-sdk/src/common/pico_sync/mutex.c.obj
                0x2000030c                mutex_exit
 *(.text*)
 .text          0x200003b0       0x30 /usr/local/share/arm-gnu-toolchain-13.3.rel1-x86_64-arm-none-eabi/bin/../lib/gcc/arm-none-eabi/13.3.1/thumb/v8-m.main+fp/softfp/libgcc.a(_aeabi_uldivmod.o)
                0x200003b0                __aeabi_uldivmod
 .text.__udivmoddi4
                0x200003e0      0x300 /usr/local/share/arm-gnu-toolchain-13.3.rel1-x86_64-arm-none-eabi/bin/../lib/gcc/arm-none-eabi/13.3.1/thumb/v8-m.main+fp/softfp/libgcc.a(_udivmoddi4.o)
                0x200003e0                __udivmoddi4
 .text          0x200006e0        0x4 /usr/local/share/arm-gnu-toolchain-13.3.rel1-x86_64-arm-none-eabi/bin/../lib/gcc/arm-none-eabi/13.3.1/thumb/v8-m.main+fp/softfp/libgcc.a(_dvmd_tls.o)
                0x200006e0                __aeabi_ldiv0
                0x200006e0                __aeabi_idiv0
 *fill*         0x200006e4        0x4 
 .text.__stub   0x200006e8       0x10 linker stubs
                0x200006f8                        . = ALIGN (0x4)
 *(.rodata*)
                0x200006f8                        . = ALIGN (0x4)
 *(.data*)
 .data.u16_period
                0x200006f8        0x2 CMakeFiles/m4.dir/I2C_application1.c.obj
                0x200006f8                u16_period
 .data.pico_led_state
                0x200006fa        0x1 CMakeFiles/m4.dir/I2C_application1.c.obj
                0x200006fa                pico_led_state
 .data.striped_spin_lock_num
                0x200006fb        0x1 CMakeFiles/m4.dir/home/totz45/repos/pico-sdk/src/rp2_common/hardware_sync/sync.c.obj
 .data          0x200006fc       0x48 CMakeFiles/m4.dir/home/totz45/repos/pico-sdk/src/rp2_common/hardware_irq/irq_handler_chain.S.obj
                0x200006fc                irq_handler_chain_slots
                0x2000072c                irq_handler_chain_first_slot
                0x20000736                irq_handler_chain_remove_tail
 .data.default_alarm_pool
                0x20000744       0x18 CMakeFiles/m4.dir/home/totz45/repos/pico-sdk/src/common/pico_time/time.c.obj
 .data.stdio_uart
                0x2000075c       0x18 CMakeFiles/m4.dir/home/totz45/repos/pico-sdk/src/rp2_common/pico_stdio_uart/stdio_uart.c.obj
                0x2000075c                stdio_uart
 .data.i2c0_inst
                0x20000774        0x8 CMakeFiles/m4.dir/home/totz45/repos/pico-sdk/src/rp2_common/hardware_i2c/i2c.c.obj
                0x20000774                i2c0_inst
 .data.i2c1_inst
                0x2000077c        0x8 CMakeFiles/m4.dir/home/totz45/repos/pico-sdk/src/rp2_common/hardware_i2c/i2c.c.obj
                0x2000077c                i2c1_inst
 *(.sdata*)
                0x20000784                        . = ALIGN (0x4)
 *(.after_data.*)
                0x20000784                        . = ALIGN (0x4)
                0x20000784                        PROVIDE (__mutex_array_start = .)
 *(SORT_BY_NAME(.mutex_array.*))
 *(.mutex_array)
 .mutex_array   0x20000784        0x8 CMakeFiles/m4.dir/home/totz45/repos/pico-sdk/src/rp2_common/pico_stdio/stdio.c.obj
                0x2000078c                        PROVIDE (__mutex_array_end = .)
 *(.jcr)
                0x2000078c                        . = ALIGN (0x4)

.tm_clone_table
                0x2000078c        0x0 load address 0x100074c8
 .tm_clone_table
                0x2000078c        0x0 /usr/local/share/arm-gnu-toolchain-13.3.rel1-x86_64-arm-none-eabi/bin/../lib/gcc/arm-none-eabi/13.3.1/thumb/v8-m.main+fp/softfp/crtbegin.o
 .tm_clone_table
                0x2000078c        0x0 /usr/local/share/arm-gnu-toolchain-13.3.rel1-x86_64-arm-none-eabi/bin/../lib/gcc/arm-none-eabi/13.3.1/thumb/v8-m.main+fp/softfp/crtend.o

.igot.plt       0x2000078c        0x0 load address 0x100074c8
 .igot.plt      0x2000078c        0x0 /usr/local/share/arm-gnu-toolchain-13.3.rel1-x86_64-arm-none-eabi/bin/../lib/gcc/arm-none-eabi/13.3.1/thumb/v8-m.main+fp/softfp/crtbegin.o

.tdata          0x2000078c        0x0 load address 0x100074c8
                0x2000078c                        . = ALIGN (0x4)
 *(.tdata .tdata.* .gnu.linkonce.td.*)
                0x2000078c                        __tdata_end = .
                0x2000078c                        PROVIDE (__data_end__ = .)
                0x10006e4c                        __etext = LOADADDR (.data)

.tbss           0x2000078c        0x0 load address 0x100074c8
                0x2000078c                        . = ALIGN (0x4)
                0x2000078c                        __bss_start__ = .
                0x2000078c                        __tls_base = .
 *(.tbss .tbss.* .gnu.linkonce.tb.*)
 *(.tcommon)
                0x2000078c                        __tls_end = .

.bss            0x20000790      0x228 load address 0x100074c8
                0x20000790                        . = ALIGN (0x4)
                0x20000790                        __tbss_end = .
 *(SORT_BY_ALIGNMENT(SORT_BY_NAME(.bss*)))
 .bss.default_alarm_pool_entries
                0x20000790      0x180 CMakeFiles/m4.dir/home/totz45/repos/pico-sdk/src/common/pico_time/time.c.obj
 .bss._sw_spin_locks
                0x20000910       0x20 CMakeFiles/m4.dir/home/totz45/repos/pico-sdk/src/rp2_common/hardware_sync_spin_lock/sync_spin_lock.c.obj
                0x20000910                _sw_spin_locks
 .bss.chars_available_callback
                0x20000930        0x4 CMakeFiles/m4.dir/home/totz45/repos/pico-sdk/src/rp2_common/pico_stdio_uart/stdio_uart.c.obj
 .bss.chars_available_param
                0x20000934        0x4 CMakeFiles/m4.dir/home/totz45/repos/pico-sdk/src/rp2_common/pico_stdio_uart/stdio_uart.c.obj
 .bss.claimed   0x20000938        0x2 CMakeFiles/m4.dir/home/totz45/repos/pico-sdk/src/rp2_common/hardware_timer/timer.c.obj
 *fill*         0x2000093a        0x2 
 .bss.configured_freq
                0x2000093c       0x28 CMakeFiles/m4.dir/home/totz45/repos/pico-sdk/src/rp2_common/hardware_clocks/clocks.c.obj
 .bss.drivers   0x20000964        0x4 CMakeFiles/m4.dir/home/totz45/repos/pico-sdk/src/rp2_common/pico_stdio/stdio.c.obj
 .bss.filter    0x20000968        0x4 CMakeFiles/m4.dir/home/totz45/repos/pico-sdk/src/rp2_common/pico_stdio/stdio.c.obj
 .bss.load_value
                0x2000096c        0x4 CMakeFiles/m4.dir/home/totz45/repos/pico-sdk/src/rp2_common/hardware_watchdog/watchdog.c.obj
 .bss.object.0  0x20000970       0x18 /usr/local/share/arm-gnu-toolchain-13.3.rel1-x86_64-arm-none-eabi/bin/../lib/gcc/arm-none-eabi/13.3.1/thumb/v8-m.main+fp/softfp/crtbegin.o
 .bss.pools     0x20000988       0x20 CMakeFiles/m4.dir/home/totz45/repos/pico-sdk/src/common/pico_time/time.c.obj
 .bss.sleep_notifier
                0x200009a8        0x4 CMakeFiles/m4.dir/home/totz45/repos/pico-sdk/src/common/pico_time/time.c.obj
 .bss.uart_char_to_line_feed
                0x200009ac        0x4 CMakeFiles/m4.dir/home/totz45/repos/pico-sdk/src/rp2_common/hardware_uart/uart.c.obj
                0x200009ac                uart_char_to_line_feed
 .bss.uart_instance
                0x200009b0        0x4 CMakeFiles/m4.dir/home/totz45/repos/pico-sdk/src/rp2_common/pico_stdio_uart/stdio_uart.c.obj
 .bss.irq_handler_chain_free_slot_head
                0x200009b4        0x1 CMakeFiles/m4.dir/home/totz45/repos/pico-sdk/src/rp2_common/hardware_irq/irq.c.obj
 *(COMMON)
                [!provide]                        PROVIDE (__global_pointer$ = (. + 0x800))
 *(.sbss*)
                0x200009b8                        . = ALIGN (0x4)
 *fill*         0x200009b5        0x3 
                0x200009b8                        __bss_end__ = .

.heap           0x200009b8    0x7f648 load address 0x100074c8
                0x200009b8                        __end__ = .
                0x200009b8                        end = __end__
 *(.heap*)
 .heap          0x200009b8      0x800 CMakeFiles/m4.dir/home/totz45/repos/pico-sdk/src/rp2_common/pico_crt0/crt0.S.obj
                0x20080000                        . = (ORIGIN (RAM) + LENGTH (RAM))
 *fill*         0x200011b8    0x7ee48 
                0x20080000                        __HeapLimit = .

.scratch_x      0x20080000        0x0 load address 0x100074c8
                0x20080000                        __scratch_x_start__ = .
 *(.scratch_x.*)
                0x20080000                        . = ALIGN (0x4)
                0x20080000                        __scratch_x_end__ = .
                0x100074c8                        __scratch_x_source__ = LOADADDR (.scratch_x)

.scratch_y      0x20081000        0x0 load address 0x100074c8
                0x20081000                        __scratch_y_start__ = .
 *(.scratch_y.*)
                0x20081000                        . = ALIGN (0x4)
                0x20081000                        __scratch_y_end__ = .
                0x100074c8                        __scratch_y_source__ = LOADADDR (.scratch_y)

.stack1_dummy
 *(.stack1*)

.stack_dummy    0x20081000      0x800
 *(.stack*)
 .stack         0x20081000      0x800 CMakeFiles/m4.dir/home/totz45/repos/pico-sdk/src/rp2_common/pico_crt0/crt0.S.obj

.flash_end      0x100074c8       0x14
 *(.embedded_end_block*)
 .embedded_end_block
                0x100074c8       0x14 CMakeFiles/m4.dir/home/totz45/repos/pico-sdk/src/rp2_common/pico_crt0/crt0.S.obj
                0x100074dc                        PROVIDE (__flash_binary_end = .)
                0x20080000                        __StackLimit = (ORIGIN (RAM) + LENGTH (RAM))
                0x20081000                        __StackOneTop = (ORIGIN (SCRATCH_X) + LENGTH (SCRATCH_X))
                0x20082000                        __StackTop = (ORIGIN (SCRATCH_Y) + LENGTH (SCRATCH_Y))
                0x20081000                        __StackOneBottom = (__StackOneTop - SIZEOF (.stack1_dummy))
                0x20081800                        __StackBottom = (__StackTop - SIZEOF (.stack_dummy))
                0x20082000                        PROVIDE (__stack = __StackTop)
                [!provide]                        PROVIDE (__heap_start = __end__)
                [!provide]                        PROVIDE (__heap_end = __HeapLimit)
                [!provide]                        PROVIDE (__tls_align = MAX (ALIGNOF (.tdata), ALIGNOF (.tbss)))
                [!provide]                        PROVIDE (__tls_size_align = (((__tls_size + __tls_align) - 0x1) & ~ ((__tls_align - 0x1))))
                [!provide]                        PROVIDE (__arm32_tls_tcb_offset = MAX (0x8, __tls_align))
                [!provide]                        PROVIDE (_end = __end__)
                [!provide]                        PROVIDE (__llvm_libc_heap_limit = __HeapLimit)
                0x00000001                        ASSERT ((__StackLimit >= __HeapLimit), region RAM overflowed)
                0x00000001                        ASSERT (((__binary_info_header_end - __logical_binary_start) <= 0x400), Binary info must be in first 1024 bytes of the binary)
                0x00000001                        ASSERT (((__embedded_block_end - __logical_binary_start) <= 0x1000), Embedded block must be in first 4096 bytes of the binary)
LOAD CMakeFiles/m4.dir/I2C_application1.c.obj
LOAD CMakeFiles/m4.dir/home/totz45/repos/pico-sdk/src/rp2_common/pico_stdlib/stdlib.c.obj
LOAD CMakeFiles/m4.dir/home/totz45/repos/pico-sdk/src/rp2_common/hardware_gpio/gpio.c.obj
LOAD CMakeFiles/m4.dir/home/totz45/repos/pico-sdk/src/rp2350/pico_platform/platform.c.obj
LOAD CMakeFiles/m4.dir/home/totz45/repos/pico-sdk/src/rp2_common/pico_platform_panic/panic.c.obj
LOAD CMakeFiles/m4.dir/home/totz45/repos/pico-sdk/src/common/hardware_claim/claim.c.obj
LOAD CMakeFiles/m4.dir/home/totz45/repos/pico-sdk/src/rp2_common/hardware_sync/sync.c.obj
LOAD CMakeFiles/m4.dir/home/totz45/repos/pico-sdk/src/rp2_common/hardware_sync_spin_lock/sync_spin_lock.c.obj
LOAD CMakeFiles/m4.dir/home/totz45/repos/pico-sdk/src/rp2_common/hardware_irq/irq.c.obj
LOAD CMakeFiles/m4.dir/home/totz45/repos/pico-sdk/src/rp2_common/hardware_irq/irq_handler_chain.S.obj
LOAD CMakeFiles/m4.dir/home/totz45/repos/pico-sdk/src/common/pico_sync/sem.c.obj
LOAD CMakeFiles/m4.dir/home/totz45/repos/pico-sdk/src/common/pico_sync/lock_core.c.obj
LOAD CMakeFiles/m4.dir/home/totz45/repos/pico-sdk/src/common/pico_sync/mutex.c.obj
LOAD CMakeFiles/m4.dir/home/totz45/repos/pico-sdk/src/common/pico_sync/critical_section.c.obj
LOAD CMakeFiles/m4.dir/home/totz45/repos/pico-sdk/src/common/pico_time/time.c.obj
LOAD CMakeFiles/m4.dir/home/totz45/repos/pico-sdk/src/common/pico_time/timeout_helper.c.obj
LOAD CMakeFiles/m4.dir/home/totz45/repos/pico-sdk/src/rp2_common/hardware_timer/timer.c.obj
LOAD CMakeFiles/m4.dir/home/totz45/repos/pico-sdk/src/common/pico_util/datetime.c.obj
LOAD CMakeFiles/m4.dir/home/totz45/repos/pico-sdk/src/common/pico_util/pheap.c.obj
LOAD CMakeFiles/m4.dir/home/totz45/repos/pico-sdk/src/common/pico_util/queue.c.obj
LOAD CMakeFiles/m4.dir/home/totz45/repos/pico-sdk/src/rp2_common/hardware_uart/uart.c.obj
LOAD CMakeFiles/m4.dir/home/totz45/repos/pico-sdk/src/rp2_common/hardware_clocks/clocks.c.obj
LOAD CMakeFiles/m4.dir/home/totz45/repos/pico-sdk/src/rp2_common/hardware_pll/pll.c.obj
LOAD CMakeFiles/m4.dir/home/totz45/repos/pico-sdk/src/rp2_common/hardware_vreg/vreg.c.obj
LOAD CMakeFiles/m4.dir/home/totz45/repos/pico-sdk/src/rp2_common/hardware_watchdog/watchdog.c.obj
LOAD CMakeFiles/m4.dir/home/totz45/repos/pico-sdk/src/rp2_common/hardware_ticks/ticks.c.obj
LOAD CMakeFiles/m4.dir/home/totz45/repos/pico-sdk/src/rp2_common/hardware_xosc/xosc.c.obj
LOAD CMakeFiles/m4.dir/home/totz45/repos/pico-sdk/src/rp2_common/hardware_divider/divider.c.obj
LOAD CMakeFiles/m4.dir/home/totz45/repos/pico-sdk/src/rp2_common/pico_runtime/runtime.c.obj
LOAD CMakeFiles/m4.dir/home/totz45/repos/pico-sdk/src/rp2_common/pico_runtime_init/runtime_init.c.obj
LOAD CMakeFiles/m4.dir/home/totz45/repos/pico-sdk/src/rp2_common/pico_runtime_init/runtime_init_clocks.c.obj
LOAD CMakeFiles/m4.dir/home/totz45/repos/pico-sdk/src/rp2_common/pico_runtime_init/runtime_init_stack_guard.c.obj
LOAD CMakeFiles/m4.dir/home/totz45/repos/pico-sdk/src/rp2_common/pico_bit_ops/bit_ops_aeabi.S.obj
LOAD CMakeFiles/m4.dir/home/totz45/repos/pico-sdk/src/rp2_common/pico_bootrom/bootrom.c.obj
LOAD CMakeFiles/m4.dir/home/totz45/repos/pico-sdk/src/rp2_common/pico_bootrom/bootrom_lock.c.obj
LOAD CMakeFiles/m4.dir/home/totz45/repos/pico-sdk/src/rp2_common/hardware_boot_lock/boot_lock.c.obj
LOAD CMakeFiles/m4.dir/home/totz45/repos/pico-sdk/src/rp2_common/pico_divider/divider_compiler.c.obj
LOAD CMakeFiles/m4.dir/home/totz45/repos/pico-sdk/src/rp2_common/pico_double/double_math.c.obj
LOAD CMakeFiles/m4.dir/home/totz45/repos/pico-sdk/src/rp2_common/pico_double/double_aeabi_dcp.S.obj
LOAD CMakeFiles/m4.dir/home/totz45/repos/pico-sdk/src/rp2_common/pico_double/double_fma_dcp.S.obj
LOAD CMakeFiles/m4.dir/home/totz45/repos/pico-sdk/src/rp2_common/pico_double/double_sci_m33.S.obj
LOAD CMakeFiles/m4.dir/home/totz45/repos/pico-sdk/src/rp2_common/pico_double/double_conv_m33.S.obj
LOAD CMakeFiles/m4.dir/home/totz45/repos/pico-sdk/src/rp2_common/pico_float/float_math.c.obj
LOAD CMakeFiles/m4.dir/home/totz45/repos/pico-sdk/src/rp2_common/pico_float/float_sci_m33_vfp.S.obj
LOAD CMakeFiles/m4.dir/home/totz45/repos/pico-sdk/src/rp2_common/pico_float/float_conv_m33.S.obj
LOAD CMakeFiles/m4.dir/home/totz45/repos/pico-sdk/src/rp2_common/pico_malloc/malloc.c.obj
LOAD CMakeFiles/m4.dir/home/totz45/repos/pico-sdk/src/rp2_common/pico_atomic/atomic.c.obj
LOAD CMakeFiles/m4.dir/home/totz45/repos/pico-sdk/src/rp2_common/pico_cxx_options/new_delete.cpp.obj
LOAD CMakeFiles/m4.dir/home/totz45/repos/pico-sdk/src/rp2_common/pico_standard_binary_info/standard_binary_info.c.obj
LOAD CMakeFiles/m4.dir/home/totz45/repos/pico-sdk/src/rp2_common/pico_printf/printf.c.obj
LOAD CMakeFiles/m4.dir/home/totz45/repos/pico-sdk/src/rp2_common/pico_crt0/crt0.S.obj
LOAD CMakeFiles/m4.dir/home/totz45/repos/pico-sdk/src/rp2_common/pico_clib_interface/newlib_interface.c.obj
LOAD CMakeFiles/m4.dir/home/totz45/repos/pico-sdk/src/rp2_common/pico_stdio/stdio.c.obj
LOAD CMakeFiles/m4.dir/home/totz45/repos/pico-sdk/src/rp2_common/pico_stdio_uart/stdio_uart.c.obj
LOAD CMakeFiles/m4.dir/home/totz45/repos/pico-sdk/src/rp2_common/hardware_i2c/i2c.c.obj
LOAD /tmp/ccqylfL0.o
LOAD /usr/local/share/arm-gnu-toolchain-13.3.rel1-x86_64-arm-none-eabi/bin/../lib/gcc/arm-none-eabi/13.3.1/../../../../arm-none-eabi/lib/thumb/v8-m.main+fp/softfp/libstdc++.a
LOAD /usr/local/share/arm-gnu-toolchain-13.3.rel1-x86_64-arm-none-eabi/bin/../lib/gcc/arm-none-eabi/13.3.1/../../../../arm-none-eabi/lib/thumb/v8-m.main+fp/softfp/libm.a
START GROUP
LOAD /usr/local/share/arm-gnu-toolchain-13.3.rel1-x86_64-arm-none-eabi/bin/../lib/gcc/arm-none-eabi/13.3.1/thumb/v8-m.main+fp/softfp/libgcc.a
LOAD /usr/local/share/arm-gnu-toolchain-13.3.rel1-x86_64-arm-none-eabi/bin/../lib/gcc/arm-none-eabi/13.3.1/../../../../arm-none-eabi/lib/thumb/v8-m.main+fp/softfp/libg.a
LOAD /usr/local/share/arm-gnu-toolchain-13.3.rel1-x86_64-arm-none-eabi/bin/../lib/gcc/arm-none-eabi/13.3.1/../../../../arm-none-eabi/lib/thumb/v8-m.main+fp/softfp/libc.a
END GROUP
START GROUP
LOAD /usr/local/share/arm-gnu-toolchain-13.3.rel1-x86_64-arm-none-eabi/bin/../lib/gcc/arm-none-eabi/13.3.1/thumb/v8-m.main+fp/softfp/libgcc.a
LOAD /usr/local/share/arm-gnu-toolchain-13.3.rel1-x86_64-arm-none-eabi/bin/../lib/gcc/arm-none-eabi/13.3.1/../../../../arm-none-eabi/lib/thumb/v8-m.main+fp/softfp/libc.a
LOAD /usr/local/share/arm-gnu-toolchain-13.3.rel1-x86_64-arm-none-eabi/bin/../lib/gcc/arm-none-eabi/13.3.1/../../../../arm-none-eabi/lib/thumb/v8-m.main+fp/softfp/libnosys.a
END GROUP
LOAD /usr/local/share/arm-gnu-toolchain-13.3.rel1-x86_64-arm-none-eabi/bin/../lib/gcc/arm-none-eabi/13.3.1/thumb/v8-m.main+fp/softfp/crtend.o
LOAD /usr/local/share/arm-gnu-toolchain-13.3.rel1-x86_64-arm-none-eabi/bin/../lib/gcc/arm-none-eabi/13.3.1/thumb/v8-m.main+fp/softfp/crtn.o
OUTPUT(m4.elf elf32-littlearm)
LOAD linker stubs

.rel.dyn        0x100074dc        0x0
 .rel.iplt      0x100074dc        0x0 /usr/local/share/arm-gnu-toolchain-13.3.rel1-x86_64-arm-none-eabi/bin/../lib/gcc/arm-none-eabi/13.3.1/thumb/v8-m.main+fp/softfp/crtbegin.o

.ARM.attributes
                0x00000000       0x34
 .ARM.attributes
                0x00000000       0x26 /usr/local/share/arm-gnu-toolchain-13.3.rel1-x86_64-arm-none-eabi/bin/../lib/gcc/arm-none-eabi/13.3.1/thumb/v8-m.main+fp/softfp/crti.o
 .ARM.attributes
                0x00000026       0x36 /usr/local/share/arm-gnu-toolchain-13.3.rel1-x86_64-arm-none-eabi/bin/../lib/gcc/arm-none-eabi/13.3.1/thumb/v8-m.main+fp/softfp/crtbegin.o
 .ARM.attributes
                0x0000005c       0x38 CMakeFiles/m4.dir/I2C_application1.c.obj
 .ARM.attributes
                0x00000094       0x38 CMakeFiles/m4.dir/home/totz45/repos/pico-sdk/src/rp2_common/hardware_gpio/gpio.c.obj
 .ARM.attributes
                0x000000cc       0x38 CMakeFiles/m4.dir/home/totz45/repos/pico-sdk/src/rp2_common/pico_platform_panic/panic.c.obj
 .ARM.attributes
                0x00000104       0x38 CMakeFiles/m4.dir/home/totz45/repos/pico-sdk/src/common/hardware_claim/claim.c.obj
 .ARM.attributes
                0x0000013c       0x38 CMakeFiles/m4.dir/home/totz45/repos/pico-sdk/src/rp2_common/hardware_sync/sync.c.obj
 .ARM.attributes
                0x00000174       0x38 CMakeFiles/m4.dir/home/totz45/repos/pico-sdk/src/rp2_common/hardware_sync_spin_lock/sync_spin_lock.c.obj
 .ARM.attributes
                0x000001ac       0x38 CMakeFiles/m4.dir/home/totz45/repos/pico-sdk/src/rp2_common/hardware_irq/irq.c.obj
 .ARM.attributes
                0x000001e4       0x28 CMakeFiles/m4.dir/home/totz45/repos/pico-sdk/src/rp2_common/hardware_irq/irq_handler_chain.S.obj
 .ARM.attributes
                0x0000020c       0x38 CMakeFiles/m4.dir/home/totz45/repos/pico-sdk/src/common/pico_sync/lock_core.c.obj
 .ARM.attributes
                0x00000244       0x38 CMakeFiles/m4.dir/home/totz45/repos/pico-sdk/src/common/pico_sync/mutex.c.obj
 .ARM.attributes
                0x0000027c       0x38 CMakeFiles/m4.dir/home/totz45/repos/pico-sdk/src/common/pico_time/time.c.obj
 .ARM.attributes
                0x000002b4       0x38 CMakeFiles/m4.dir/home/totz45/repos/pico-sdk/src/rp2_common/hardware_timer/timer.c.obj
 .ARM.attributes
                0x000002ec       0x38 CMakeFiles/m4.dir/home/totz45/repos/pico-sdk/src/rp2_common/hardware_uart/uart.c.obj
 .ARM.attributes
                0x00000324       0x38 CMakeFiles/m4.dir/home/totz45/repos/pico-sdk/src/rp2_common/hardware_clocks/clocks.c.obj
 .ARM.attributes
                0x0000035c       0x38 CMakeFiles/m4.dir/home/totz45/repos/pico-sdk/src/rp2_common/hardware_pll/pll.c.obj
 .ARM.attributes
                0x00000394       0x38 CMakeFiles/m4.dir/home/totz45/repos/pico-sdk/src/rp2_common/hardware_watchdog/watchdog.c.obj
 .ARM.attributes
                0x000003cc       0x38 CMakeFiles/m4.dir/home/totz45/repos/pico-sdk/src/rp2_common/hardware_ticks/ticks.c.obj
 .ARM.attributes
                0x00000404       0x38 CMakeFiles/m4.dir/home/totz45/repos/pico-sdk/src/rp2_common/hardware_xosc/xosc.c.obj
 .ARM.attributes
                0x0000043c       0x38 CMakeFiles/m4.dir/home/totz45/repos/pico-sdk/src/rp2_common/pico_runtime/runtime.c.obj
 .ARM.attributes
                0x00000474       0x38 CMakeFiles/m4.dir/home/totz45/repos/pico-sdk/src/rp2_common/pico_runtime_init/runtime_init.c.obj
 .ARM.attributes
                0x000004ac       0x38 CMakeFiles/m4.dir/home/totz45/repos/pico-sdk/src/rp2_common/pico_runtime_init/runtime_init_clocks.c.obj
 .ARM.attributes
                0x000004e4       0x38 CMakeFiles/m4.dir/home/totz45/repos/pico-sdk/src/rp2_common/pico_bootrom/bootrom.c.obj
 .ARM.attributes
                0x0000051c       0x38 CMakeFiles/m4.dir/home/totz45/repos/pico-sdk/src/rp2_common/pico_bootrom/bootrom_lock.c.obj
 .ARM.attributes
                0x00000554       0x38 CMakeFiles/m4.dir/home/totz45/repos/pico-sdk/src/rp2_common/hardware_boot_lock/boot_lock.c.obj
 .ARM.attributes
                0x0000058c       0x28 CMakeFiles/m4.dir/home/totz45/repos/pico-sdk/src/rp2_common/pico_double/double_aeabi_dcp.S.obj
 .ARM.attributes
                0x000005b4       0x38 CMakeFiles/m4.dir/home/totz45/repos/pico-sdk/src/rp2_common/pico_standard_binary_info/standard_binary_info.c.obj
 .ARM.attributes
                0x000005ec       0x38 CMakeFiles/m4.dir/home/totz45/repos/pico-sdk/src/rp2_common/pico_printf/printf.c.obj
 .ARM.attributes
                0x00000624       0x28 CMakeFiles/m4.dir/home/totz45/repos/pico-sdk/src/rp2_common/pico_crt0/crt0.S.obj
 .ARM.attributes
                0x0000064c       0x38 CMakeFiles/m4.dir/home/totz45/repos/pico-sdk/src/rp2_common/pico_clib_interface/newlib_interface.c.obj
 .ARM.attributes
                0x00000684       0x38 CMakeFiles/m4.dir/home/totz45/repos/pico-sdk/src/rp2_common/pico_stdio/stdio.c.obj
 .ARM.attributes
                0x000006bc       0x38 CMakeFiles/m4.dir/home/totz45/repos/pico-sdk/src/rp2_common/pico_stdio_uart/stdio_uart.c.obj
 .ARM.attributes
                0x000006f4       0x38 CMakeFiles/m4.dir/home/totz45/repos/pico-sdk/src/rp2_common/hardware_i2c/i2c.c.obj
 .ARM.attributes
                0x0000072c       0x26 /usr/local/share/arm-gnu-toolchain-13.3.rel1-x86_64-arm-none-eabi/bin/../lib/gcc/arm-none-eabi/13.3.1/thumb/v8-m.main+fp/softfp/libgcc.a(_aeabi_uldivmod.o)
 .ARM.attributes
                0x00000752       0x36 /usr/local/share/arm-gnu-toolchain-13.3.rel1-x86_64-arm-none-eabi/bin/../lib/gcc/arm-none-eabi/13.3.1/thumb/v8-m.main+fp/softfp/libgcc.a(_udivmoddi4.o)
 .ARM.attributes
                0x00000788       0x26 /usr/local/share/arm-gnu-toolchain-13.3.rel1-x86_64-arm-none-eabi/bin/../lib/gcc/arm-none-eabi/13.3.1/thumb/v8-m.main+fp/softfp/libgcc.a(_dvmd_tls.o)
 .ARM.attributes
                0x000007ae       0x24 /usr/local/share/arm-gnu-toolchain-13.3.rel1-x86_64-arm-none-eabi/bin/../lib/gcc/arm-none-eabi/13.3.1/../../../../arm-none-eabi/lib/thumb/v8-m.main+fp/softfp/libg.a(libc_a-memcpy.o)
 .ARM.attributes
                0x000007d2       0x36 /usr/local/share/arm-gnu-toolchain-13.3.rel1-x86_64-arm-none-eabi/bin/../lib/gcc/arm-none-eabi/13.3.1/../../../../arm-none-eabi/lib/thumb/v8-m.main+fp/softfp/libg.a(libc_a-strlen-stub.o)
 .ARM.attributes
                0x00000808       0x36 /usr/local/share/arm-gnu-toolchain-13.3.rel1-x86_64-arm-none-eabi/bin/../lib/gcc/arm-none-eabi/13.3.1/thumb/v8-m.main+fp/softfp/crtend.o

.comment        0x00000000       0x45
 .comment       0x00000000       0x45 CMakeFiles/m4.dir/I2C_application1.c.obj
                                 0x46 (size before relaxing)
 .comment       0x00000045       0x46 CMakeFiles/m4.dir/home/totz45/repos/pico-sdk/src/rp2_common/hardware_gpio/gpio.c.obj
 .comment       0x00000045       0x46 CMakeFiles/m4.dir/home/totz45/repos/pico-sdk/src/rp2_common/pico_platform_panic/panic.c.obj
 .comment       0x00000045       0x46 CMakeFiles/m4.dir/home/totz45/repos/pico-sdk/src/common/hardware_claim/claim.c.obj
 .comment       0x00000045       0x46 CMakeFiles/m4.dir/home/totz45/repos/pico-sdk/src/rp2_common/hardware_sync/sync.c.obj
 .comment       0x00000045       0x46 CMakeFiles/m4.dir/home/totz45/repos/pico-sdk/src/rp2_common/hardware_sync_spin_lock/sync_spin_lock.c.obj
 .comment       0x00000045       0x46 CMakeFiles/m4.dir/home/totz45/repos/pico-sdk/src/rp2_common/hardware_irq/irq.c.obj
 .comment       0x00000045       0x46 CMakeFiles/m4.dir/home/totz45/repos/pico-sdk/src/common/pico_sync/lock_core.c.obj
 .comment       0x00000045       0x46 CMakeFiles/m4.dir/home/totz45/repos/pico-sdk/src/common/pico_sync/mutex.c.obj
 .comment       0x00000045       0x46 CMakeFiles/m4.dir/home/totz45/repos/pico-sdk/src/common/pico_time/time.c.obj
 .comment       0x00000045       0x46 CMakeFiles/m4.dir/home/totz45/repos/pico-sdk/src/rp2_common/hardware_timer/timer.c.obj
 .comment       0x00000045       0x46 CMakeFiles/m4.dir/home/totz45/repos/pico-sdk/src/rp2_common/hardware_uart/uart.c.obj
 .comment       0x00000045       0x46 CMakeFiles/m4.dir/home/totz45/repos/pico-sdk/src/rp2_common/hardware_clocks/clocks.c.obj
 .comment       0x00000045       0x46 CMakeFiles/m4.dir/home/totz45/repos/pico-sdk/src/rp2_common/hardware_pll/pll.c.obj
 .comment       0x00000045       0x46 CMakeFiles/m4.dir/home/totz45/repos/pico-sdk/src/rp2_common/hardware_watchdog/watchdog.c.obj
 .comment       0x00000045       0x46 CMakeFiles/m4.dir/home/totz45/repos/pico-sdk/src/rp2_common/hardware_ticks/ticks.c.obj
 .comment       0x00000045       0x46 CMakeFiles/m4.dir/home/totz45/repos/pico-sdk/src/rp2_common/hardware_xosc/xosc.c.obj
 .comment       0x00000045       0x46 CMakeFiles/m4.dir/home/totz45/repos/pico-sdk/src/rp2_common/pico_runtime/runtime.c.obj
 .comment       0x00000045       0x46 CMakeFiles/m4.dir/home/totz45/repos/pico-sdk/src/rp2_common/pico_runtime_init/runtime_init.c.obj
 .comment       0x00000045       0x46 CMakeFiles/m4.dir/home/totz45/repos/pico-sdk/src/rp2_common/pico_runtime_init/runtime_init_clocks.c.obj
 .comment       0x00000045       0x46 CMakeFiles/m4.dir/home/totz45/repos/pico-sdk/src/rp2_common/pico_bootrom/bootrom.c.obj
 .comment       0x00000045       0x46 CMakeFiles/m4.dir/home/totz45/repos/pico-sdk/src/rp2_common/pico_bootrom/bootrom_lock.c.obj
 .comment       0x00000045       0x46 CMakeFiles/m4.dir/home/totz45/repos/pico-sdk/src/rp2_common/hardware_boot_lock/boot_lock.c.obj
 .comment       0x00000045       0x46 CMakeFiles/m4.dir/home/totz45/repos/pico-sdk/src/rp2_common/pico_standard_binary_info/standard_binary_info.c.obj
 .comment       0x00000045       0x46 CMakeFiles/m4.dir/home/totz45/repos/pico-sdk/src/rp2_common/pico_printf/printf.c.obj
 .comment       0x00000045       0x46 CMakeFiles/m4.dir/home/totz45/repos/pico-sdk/src/rp2_common/pico_clib_interface/newlib_interface.c.obj
 .comment       0x00000045       0x46 CMakeFiles/m4.dir/home/totz45/repos/pico-sdk/src/rp2_common/pico_stdio/stdio.c.obj
 .comment       0x00000045       0x46 CMakeFiles/m4.dir/home/totz45/repos/pico-sdk/src/rp2_common/pico_stdio_uart/stdio_uart.c.obj
 .comment       0x00000045       0x46 CMakeFiles/m4.dir/home/totz45/repos/pico-sdk/src/rp2_common/hardware_i2c/i2c.c.obj

.debug_info     0x00000000    0x1619a
 .debug_info    0x00000000      0xdfa CMakeFiles/m4.dir/I2C_application1.c.obj
 .debug_info    0x00000dfa     0x1593 CMakeFiles/m4.dir/home/totz45/repos/pico-sdk/src/rp2_common/hardware_gpio/gpio.c.obj
 .debug_info    0x0000238d      0x148 CMakeFiles/m4.dir/home/totz45/repos/pico-sdk/src/rp2_common/pico_platform_panic/panic.c.obj
 .debug_info    0x000024d5      0x580 CMakeFiles/m4.dir/home/totz45/repos/pico-sdk/src/common/hardware_claim/claim.c.obj
 .debug_info    0x00002a55      0x3aa CMakeFiles/m4.dir/home/totz45/repos/pico-sdk/src/rp2_common/hardware_sync/sync.c.obj
 .debug_info    0x00002dff     0x14ba CMakeFiles/m4.dir/home/totz45/repos/pico-sdk/src/rp2_common/hardware_sync_spin_lock/sync_spin_lock.c.obj
 .debug_info    0x000042b9     0x18d0 CMakeFiles/m4.dir/home/totz45/repos/pico-sdk/src/rp2_common/hardware_irq/irq.c.obj
 .debug_info    0x00005b89      0x1c7 CMakeFiles/m4.dir/home/totz45/repos/pico-sdk/src/common/pico_sync/lock_core.c.obj
 .debug_info    0x00005d50     0x1764 CMakeFiles/m4.dir/home/totz45/repos/pico-sdk/src/common/pico_sync/mutex.c.obj
 .debug_info    0x000074b4     0x2573 CMakeFiles/m4.dir/home/totz45/repos/pico-sdk/src/common/pico_time/time.c.obj
 .debug_info    0x00009a27     0x1725 CMakeFiles/m4.dir/home/totz45/repos/pico-sdk/src/rp2_common/hardware_timer/timer.c.obj
 .debug_info    0x0000b14c      0xf89 CMakeFiles/m4.dir/home/totz45/repos/pico-sdk/src/rp2_common/hardware_uart/uart.c.obj
 .debug_info    0x0000c0d5     0x10cf CMakeFiles/m4.dir/home/totz45/repos/pico-sdk/src/rp2_common/hardware_clocks/clocks.c.obj
 .debug_info    0x0000d1a4      0x550 CMakeFiles/m4.dir/home/totz45/repos/pico-sdk/src/rp2_common/hardware_pll/pll.c.obj
 .debug_info    0x0000d6f4      0x71e CMakeFiles/m4.dir/home/totz45/repos/pico-sdk/src/rp2_common/hardware_watchdog/watchdog.c.obj